###############################################################################
#
# IAR ELF Linker V7.50.2.10312/W32 for ARM                18/Apr/2017  01:24:24
# Copyright 2007-2015 IAR Systems AB.
#
#    Output file  =  
#        F:\levaux\kexx_drv_lib\build\iar\ke02\levaux_drivers\FLASH_32KB_PFLASH\Exe\levaux_drivers_frdm.out
#    Map file     =  
#        F:\levaux\kexx_drv_lib\build\iar\ke02\levaux_drivers\FLASH_32KB_PFLASH\List\levaux_drivers_frdm.map
#    Command line =  
#        F:\levaux\kexx_drv_lib\build\iar\ke02\levaux_drivers\FLASH_32KB_PFLASH\Obj\acmp.o
#        F:\levaux\kexx_drv_lib\build\iar\ke02\levaux_drivers\FLASH_32KB_PFLASH\Obj\adc.o
#        F:\levaux\kexx_drv_lib\build\iar\ke02\levaux_drivers\FLASH_32KB_PFLASH\Obj\Adc_impl.o
#        F:\levaux\kexx_drv_lib\build\iar\ke02\levaux_drivers\FLASH_32KB_PFLASH\Obj\alloc.o
#        F:\levaux\kexx_drv_lib\build\iar\ke02\levaux_drivers\FLASH_32KB_PFLASH\Obj\arm_cm0.o
#        F:\levaux\kexx_drv_lib\build\iar\ke02\levaux_drivers\FLASH_32KB_PFLASH\Obj\assert.o
#        F:\levaux\kexx_drv_lib\build\iar\ke02\levaux_drivers\FLASH_32KB_PFLASH\Obj\crc.o
#        F:\levaux\kexx_drv_lib\build\iar\ke02\levaux_drivers\FLASH_32KB_PFLASH\Obj\crt0.o
#        F:\levaux\kexx_drv_lib\build\iar\ke02\levaux_drivers\FLASH_32KB_PFLASH\Obj\Eeprom_impl.o
#        F:\levaux\kexx_drv_lib\build\iar\ke02\levaux_drivers\FLASH_32KB_PFLASH\Obj\Exti_impl.o
#        F:\levaux\kexx_drv_lib\build\iar\ke02\levaux_drivers\FLASH_32KB_PFLASH\Obj\flash.o
#        F:\levaux\kexx_drv_lib\build\iar\ke02\levaux_drivers\FLASH_32KB_PFLASH\Obj\ftm.o
#        F:\levaux\kexx_drv_lib\build\iar\ke02\levaux_drivers\FLASH_32KB_PFLASH\Obj\gpio.o
#        F:\levaux\kexx_drv_lib\build\iar\ke02\levaux_drivers\FLASH_32KB_PFLASH\Obj\Gpio_impl.o
#        F:\levaux\kexx_drv_lib\build\iar\ke02\levaux_drivers\FLASH_32KB_PFLASH\Obj\i2c.o
#        F:\levaux\kexx_drv_lib\build\iar\ke02\levaux_drivers\FLASH_32KB_PFLASH\Obj\ics.o
#        F:\levaux\kexx_drv_lib\build\iar\ke02\levaux_drivers\FLASH_32KB_PFLASH\Obj\io.o
#        F:\levaux\kexx_drv_lib\build\iar\ke02\levaux_drivers\FLASH_32KB_PFLASH\Obj\kbi.o
#        F:\levaux\kexx_drv_lib\build\iar\ke02\levaux_drivers\FLASH_32KB_PFLASH\Obj\levaux_drivers.o
#        F:\levaux\kexx_drv_lib\build\iar\ke02\levaux_drivers\FLASH_32KB_PFLASH\Obj\memtest.o
#        F:\levaux\kexx_drv_lib\build\iar\ke02\levaux_drivers\FLASH_32KB_PFLASH\Obj\pit.o
#        F:\levaux\kexx_drv_lib\build\iar\ke02\levaux_drivers\FLASH_32KB_PFLASH\Obj\pmc.o
#        F:\levaux\kexx_drv_lib\build\iar\ke02\levaux_drivers\FLASH_32KB_PFLASH\Obj\printf.o
#        F:\levaux\kexx_drv_lib\build\iar\ke02\levaux_drivers\FLASH_32KB_PFLASH\Obj\Pwm_impl.o
#        F:\levaux\kexx_drv_lib\build\iar\ke02\levaux_drivers\FLASH_32KB_PFLASH\Obj\queue.o
#        F:\levaux\kexx_drv_lib\build\iar\ke02\levaux_drivers\FLASH_32KB_PFLASH\Obj\rtc.o
#        F:\levaux\kexx_drv_lib\build\iar\ke02\levaux_drivers\FLASH_32KB_PFLASH\Obj\sim.o
#        F:\levaux\kexx_drv_lib\build\iar\ke02\levaux_drivers\FLASH_32KB_PFLASH\Obj\spi.o
#        F:\levaux\kexx_drv_lib\build\iar\ke02\levaux_drivers\FLASH_32KB_PFLASH\Obj\start.o
#        F:\levaux\kexx_drv_lib\build\iar\ke02\levaux_drivers\FLASH_32KB_PFLASH\Obj\startup.o
#        F:\levaux\kexx_drv_lib\build\iar\ke02\levaux_drivers\FLASH_32KB_PFLASH\Obj\stdlib.o
#        F:\levaux\kexx_drv_lib\build\iar\ke02\levaux_drivers\FLASH_32KB_PFLASH\Obj\sysinit.o
#        F:\levaux\kexx_drv_lib\build\iar\ke02\levaux_drivers\FLASH_32KB_PFLASH\Obj\systick.o
#        F:\levaux\kexx_drv_lib\build\iar\ke02\levaux_drivers\FLASH_32KB_PFLASH\Obj\tests.o
#        F:\levaux\kexx_drv_lib\build\iar\ke02\levaux_drivers\FLASH_32KB_PFLASH\Obj\TimerBase_impl.o
#        F:\levaux\kexx_drv_lib\build\iar\ke02\levaux_drivers\FLASH_32KB_PFLASH\Obj\TimerMcs100_impl.o
#        F:\levaux\kexx_drv_lib\build\iar\ke02\levaux_drivers\FLASH_32KB_PFLASH\Obj\TimerMcs_impl.o
#        F:\levaux\kexx_drv_lib\build\iar\ke02\levaux_drivers\FLASH_32KB_PFLASH\Obj\TimerMs_impl.o
#        F:\levaux\kexx_drv_lib\build\iar\ke02\levaux_drivers\FLASH_32KB_PFLASH\Obj\uart.o
#        F:\levaux\kexx_drv_lib\build\iar\ke02\levaux_drivers\FLASH_32KB_PFLASH\Obj\Uart_impl.o
#        F:\levaux\kexx_drv_lib\build\iar\ke02\levaux_drivers\FLASH_32KB_PFLASH\Obj\uif.o
#        F:\levaux\kexx_drv_lib\build\iar\ke02\levaux_drivers\FLASH_32KB_PFLASH\Obj\unity.o
#        F:\levaux\kexx_drv_lib\build\iar\ke02\levaux_drivers\FLASH_32KB_PFLASH\Obj\unity_fixture.o
#        F:\levaux\kexx_drv_lib\build\iar\ke02\levaux_drivers\FLASH_32KB_PFLASH\Obj\unity_stubs.o
#        F:\levaux\kexx_drv_lib\build\iar\ke02\levaux_drivers\FLASH_32KB_PFLASH\Obj\vectors.o
#        F:\levaux\kexx_drv_lib\build\iar\ke02\levaux_drivers\FLASH_32KB_PFLASH\Obj\Watchdog_impl.o
#        F:\levaux\kexx_drv_lib\build\iar\ke02\levaux_drivers\FLASH_32KB_PFLASH\Obj\wdog.o
#        --redirect _Printf=_PrintfFull --redirect _Scanf=_ScanfFull -o
#        F:\levaux\kexx_drv_lib\build\iar\ke02\levaux_drivers\FLASH_32KB_PFLASH\Exe\levaux_drivers_frdm.out
#        --map
#        F:\levaux\kexx_drv_lib\build\iar\ke02\levaux_drivers\FLASH_32KB_PFLASH\List\levaux_drivers_frdm.map
#        --config
#        "F:\levaux\kexx_drv_lib\build\iar\ke02\levaux_drivers\..\config
#        files\KE0x_Flash_32K.icf" --semihosting --entry __iar_program_start
#        --vfe
#
###############################################################################

*******************************************************************************
*** RUNTIME MODEL ATTRIBUTES
***

CppFlavor                     = *
__CPP_Exceptions              = Disabled
__CPP_Language                = C++
__SystemLibrary               = DLib
__dlib_dynamic_initialization = normal
__dlib_has_iterator_debugging = 0
__dlib_jmp_buf_num_elements   = 8


*******************************************************************************
*** PLACEMENT SUMMARY
***

"A1":  place at 0x00000000 { ro section .intvec };
"A2":  place at 0x00000410 { ro section .noinit };
"P1":  place in [from 0x00000000 to 0x00007fff] { ro, block CodeRelocate };
"P2":  place in [from 0x20000010 to 0x20000c00] {
          rw, block CodeRelocateRam, block CSTACK, block HEAP };

  Section              Kind        Address    Size  Object
  -------              ----        -------    ----  ------
"A1":                                         0xc0
  .intvec              const    0x00000000    0xc0  vectors.o [1]
                              - 0x000000c0    0xc0

"P1", part 1 of 3:                           0x2d0
  .text                ro code  0x000000c0    0x1e  TimerMs_impl.o [1]
  .text                ro code  0x000000de     0xe  cxxabi.o [4]
  .text                ro code  0x000000ec    0x1a  unity_stubs.o [1]
  .text                ro code  0x00000106     0x2  TimerMs_impl.o [1]
  .text                ro code  0x00000108    0x28  newop_0.o [4]
  .text                ro code  0x00000130    0x90  Gpio_impl.o [1]
  .text                ro code  0x000001c0    0x5c  ABImemcpy.o [5]
  .text                ro code  0x0000021c    0x1e  stdlib.o [1]
  .text                ro code  0x0000023a     0x6  tests.o [1]
  .text                ro code  0x00000240     0x8  Uart_impl.o [1]
  .text                ro code  0x00000248    0x12  TimerMs_impl.o [1]
  .text                ro code  0x0000025a    0x18  TimerMs_impl.o [1]
  .text                ro code  0x00000272    0x12  TimerMs_impl.o [1]
  .text                ro code  0x00000284     0x4  Uart_impl.o [1]
  .text                ro code  0x00000288     0x8  Uart_impl.o [1]
  .text                ro code  0x00000290    0x3a  Uart_impl.o [1]
  .text                ro code  0x000002ca     0xa  Uart_impl.o [1]
  .text                ro code  0x000002d4     0x4  Exti_impl.o [1]
  .text                ro code  0x000002d8     0x4  Exti_impl.o [1]
  .text                ro code  0x000002dc     0xe  Exti_impl.o [1]
  .text                ro code  0x000002ea     0x2  Exti_impl.o [1]
  .text                ro code  0x000002ec     0x4  Exti_impl.o [1]
  .text                ro code  0x000002f0     0x4  Exti_impl.o [1]
  .text                ro code  0x000002f4     0xa  Exti_impl.o [1]
  .text                ro code  0x000002fe     0xa  Exti_impl.o [1]
  .text                ro code  0x00000308    0x24  Exti_impl.o [1]
  .text                ro code  0x0000032c     0xa  Exti_impl.o [1]
  .rodata              const    0x00000338    0x30  vectors.o [1]
  .rodata              const    0x00000368    0x28  Pwm_impl.o [1]
                              - 0x00000390   0x2d0

"P1", part 2 of 3:                             0x0
  CodeRelocate                  0x00000390     0x0  <Block>

Absolute sections:                            0x10
  .rodata              const    0x00000400    0x10  vectors.o [1]
                              - 0x00000410    0x10

"A2":                                         0x18
  .noinit              ro code  0x00000410    0x18  crt0.o [1]
                              - 0x00000428    0x18

"P1", part 3 of 3:                          0x6730
  .text                ro code  0x00000428   0xa40  tests.o [1]
  .text                ro code  0x00000e68   0x480  unity.o [1]
  .text                ro code  0x000012e8   0x1bc  unity_fixture.o [1]
  .text                ro code  0x000014a4   0x2f4  Uart_impl.o [1]
  .text                ro code  0x00001798    0x54  ABImemset.o [5]
  .text                ro code  0x000017ec    0x1c  tests.o [1]
  .text                ro code  0x00001808    0x1c  tests.o [1]
  .text                ro code  0x00001824     0x4  tests.o [1]
  .text                ro code  0x00001828    0x1c  tests.o [1]
  .text                ro code  0x00001844     0x4  tests.o [1]
  .text                ro code  0x00001848   0x194  Pwm_impl.o [1]
  .text                ro code  0x000019dc    0x68  Adc_impl.o [1]
  .text                ro code  0x00001a44     0x8  TimerMs_impl.o [1]
  .text                ro code  0x00001a4c    0x3a  TimerMs_impl.o [1]
  .rodata              const    0x00001a86     0x1  unwind_debug.o [6]
  .text                ro code  0x00001a88    0xa4  cppinit.o [3]
  .text                ro code  0x00001b2c    0xe0  I32DivModFast.o [5]
  .text                ro code  0x00001c0c    0x36  setjmp.o [5]
  .text                ro code  0x00001c44    0x14  io.o [1]
  .text                ro code  0x00001c58     0x8  nomemory.o [4]
  .text                ro code  0x00001c60    0xf0  alloc.o [1]
  .text                ro code  0x00001d50   0x328  gpio.o [1]
  .text                ro code  0x00002078     0x8  unity_fixture.o [1]
  .text                ro code  0x00002080     0xe  delop_0.o [4]
  .text                ro code  0x0000208e    0x12  Uart_impl.o [1]
  .text                ro code  0x000020a0   0x180  uart.o [1]
  .text                ro code  0x00002220    0x6a  Uart_impl.o [1]
  .text                ro code  0x0000228a     0x8  Uart_impl.o [1]
  .text                ro code  0x00002292    0x10  Uart_impl.o [1]
  .text                ro code  0x000022a4    0x26  ABImemmove.o [5]
  .text                ro code  0x000022ca    0x4a  Uart_impl.o [1]
  .text                ro code  0x00002314     0xe  Uart_impl.o [1]
  .text                ro code  0x00002322    0x14  Uart_impl.o [1]
  .text                ro code  0x00002336     0x8  TimerMs_impl.o [1]
  .text                ro code  0x00002340   0x148  TimerMs_impl.o [1]
  .text                ro code  0x00002488    0x80  TimerMcs100_impl.o [1]
  .text                ro code  0x00002508   0x148  ftm.o [1]
  .text                ro code  0x00002650    0x28  assert.o [1]
  .text                ro code  0x00002678   0x208  adc.o [1]
  .text                ro code  0x00002880    0x12  TimerMs_impl.o [1]
  .text                ro code  0x00002892     0xc  TimerMs_impl.o [1]
  .text                ro code  0x0000289e     0x2  TimerMs_impl.o [1]
  .text                ro code  0x000028a0     0xc  TimerMs_impl.o [1]
  .text                ro code  0x000028ac     0x4  TimerMs_impl.o [1]
  .text                ro code  0x000028b0     0x2  IntDivZer.o [5]
  .text                ro code  0x000028b2     0xa  abort.o [3]
  .text                ro code  0x000028bc    0x38  strstr.o [3]
  .text                ro code  0x000028f4     0x8  Uart_impl.o [1]
  .text                ro code  0x000028fc    0x12  Uart_impl.o [1]
  .text                ro code  0x0000290e    0x14  Uart_impl.o [1]
  .text                ro code  0x00002922     0x4  Uart_impl.o [1]
  .text                ro code  0x00002926     0xc  Uart_impl.o [1]
  .text                ro code  0x00002932    0x14  Uart_impl.o [1]
  .text                ro code  0x00002946     0xa  Uart_impl.o [1]
  .text                ro code  0x00002950   0x1fa  Uart_impl.o [1]
  .text                ro code  0x00002b4a     0x8  Uart_impl.o [1]
  .text                ro code  0x00002b52    0x2e  Uart_impl.o [1]
  .text                ro code  0x00002b80     0xe  Uart_impl.o [1]
  .text                ro code  0x00002b90    0x88  TimerMs_impl.o [1]
  .text                ro code  0x00002c18     0x8  TimerMs_impl.o [1]
  .text                ro code  0x00002c20   0x4b8  printf.o [1]
  .text                ro code  0x000030d8     0x8  TimerMs_impl.o [1]
  .text                ro code  0x000030e0     0xc  TimerMs_impl.o [1]
  .text                ro code  0x000030ec    0x1a  TimerMs_impl.o [1]
  .text                ro code  0x00003108    0x14  exit.o [6]
  .text                ro code  0x0000311c    0x18  Uart_impl.o [1]
  .text                ro code  0x00003134    0x4a  Uart_impl.o [1]
  .text                ro code  0x0000317e     0x4  Uart_impl.o [1]
  .text                ro code  0x00003182     0x2  Uart_impl.o [1]
  .text                ro code  0x00003184     0x6  Uart_impl.o [1]
  .text                ro code  0x0000318a     0x4  Uart_impl.o [1]
  .text                ro code  0x0000318e   0x26a  Uart_impl.o [1]
  .text                ro code  0x000033f8    0x12  Uart_impl.o [1]
  .text                ro code  0x0000340a     0xe  Uart_impl.o [1]
  .text                ro code  0x00003418     0xa  Uart_impl.o [1]
  .text                ro code  0x00003422     0xe  Uart_impl.o [1]
  .text                ro code  0x00003430     0x4  Uart_impl.o [1]
  .text                ro code  0x00003434     0x4  Uart_impl.o [1]
  .text                ro code  0x00003438   0x112  Uart_impl.o [1]
  .text                ro code  0x0000354a     0xa  Uart_impl.o [1]
  .text                ro code  0x00003554     0x8  Uart_impl.o [1]
  .text                ro code  0x0000355c    0x1a  Uart_impl.o [1]
  .text                ro code  0x00003576    0x6a  Uart_impl.o [1]
  .text                ro code  0x000035e0   0x154  pit.o [1]
  .text                ro code  0x00003734    0x88  TimerMs_impl.o [1]
  .text                ro code  0x000037bc     0x2  Uart_impl.o [1]
  .text                ro code  0x000037be     0xa  Uart_impl.o [1]
  .text                ro code  0x000037c8    0x30  Uart_impl.o [1]
  .text                ro code  0x000037f8    0x36  Uart_impl.o [1]
  .text                ro code  0x0000382e     0xa  Uart_impl.o [1]
  .text                ro code  0x00003838     0x4  Uart_impl.o [1]
  .text                ro code  0x0000383c     0x4  Uart_impl.o [1]
  .text                ro code  0x00003840    0xaa  Uart_impl.o [1]
  .text                ro code  0x000038ea    0xaa  Uart_impl.o [1]
  .text                ro code  0x00003994    0x5c  Uart_impl.o [1]
  .text                ro code  0x000039f0    0x74  Uart_impl.o [1]
  .text                ro code  0x00003a64     0xe  Uart_impl.o [1]
  .text                ro code  0x00003a72     0xa  Uart_impl.o [1]
  .text                ro code  0x00003a7c    0xe8  Uart_impl.o [1]
  .text                ro code  0x00003b64     0x2  Uart_impl.o [1]
  .text                ro code  0x00003b66    0x20  Uart_impl.o [1]
  .text                ro code  0x00003b86    0x36  Uart_impl.o [1]
  .text                ro code  0x00003bbc     0xc  Uart_impl.o [1]
  .text                ro code  0x00003bc8   0x486  Uart_impl.o [1]
  .text                ro code  0x0000404e     0xc  Uart_impl.o [1]
  .text                ro code  0x0000405a     0x4  Uart_impl.o [1]
  .text                ro code  0x0000405e     0xe  TimerMs_impl.o [1]
  .text                ro code  0x0000406c    0x42  TimerMs_impl.o [1]
  .text                ro code  0x000040ae    0x14  TimerMs_impl.o [1]
  .text                ro code  0x000040c2     0xe  TimerMs_impl.o [1]
  .text                ro code  0x000040d0    0x14  TimerMs_impl.o [1]
  .text                ro code  0x000040e4     0x8  TimerMs_impl.o [1]
  .text                ro code  0x000040ec    0x6e  TimerMs_impl.o [1]
  .text                ro code  0x0000415a     0x8  TimerMs_impl.o [1]
  .text                ro code  0x00004162    0x12  Uart_impl.o [1]
  .text                ro code  0x00004174    0x74  Uart_impl.o [1]
  .text                ro code  0x000041e8    0x10  Uart_impl.o [1]
  .text                ro code  0x000041f8    0x24  Uart_impl.o [1]
  .text                ro code  0x0000421c    0x18  Uart_impl.o [1]
  .text                ro code  0x00004234     0x8  xthrow_no_throw.o [4]
  .text                ro code  0x0000423c     0xe  Uart_impl.o [1]
  .text                ro code  0x0000424a    0x12  Uart_impl.o [1]
  .text                ro code  0x0000425c     0xc  Uart_impl.o [1]
  .text                ro code  0x00004268    0x24  Uart_impl.o [1]
  .text                ro code  0x0000428c    0x24  Uart_impl.o [1]
  .text                ro code  0x000042b0    0x24  Uart_impl.o [1]
  .text                ro code  0x000042d4     0xa  Uart_impl.o [1]
  .text                ro code  0x000042de     0xe  Uart_impl.o [1]
  .text                ro code  0x000042ec    0x46  Uart_impl.o [1]
  .text                ro code  0x00004334    0x18  Uart_impl.o [1]
  .text                ro code  0x0000434c     0xe  Uart_impl.o [1]
  .text                ro code  0x0000435a    0x10  Uart_impl.o [1]
  .text                ro code  0x0000436a     0xa  Uart_impl.o [1]
  .text                ro code  0x00004374     0xa  Uart_impl.o [1]
  .text                ro code  0x0000437e     0xe  TimerMs_impl.o [1]
  .text                ro code  0x0000438c     0x4  TimerMs_impl.o [1]
  .text                ro code  0x00004390    0x50  TimerMs_impl.o [1]
  .text                ro code  0x000043e0    0x48  TimerMs_impl.o [1]
  .text                ro code  0x00004428    0x12  TimerMs_impl.o [1]
  .text                ro code  0x0000443a    0x14  TimerMs_impl.o [1]
  .text                ro code  0x0000444e     0xa  TimerMs_impl.o [1]
  .text                ro code  0x00004458     0xc  TimerMs_impl.o [1]
  .text                ro code  0x00004464     0xa  TimerMs_impl.o [1]
  .text                ro code  0x0000446e     0xa  TimerMs_impl.o [1]
  .text                ro code  0x00004478     0xc  TimerMs_impl.o [1]
  .text                ro code  0x00004484     0x2  TimerMs_impl.o [1]
  .text                ro code  0x00004486     0x8  Uart_impl.o [1]
  .text                ro code  0x0000448e     0xc  Uart_impl.o [1]
  .text                ro code  0x0000449a     0x8  Uart_impl.o [1]
  .text                ro code  0x000044a2    0x3e  Uart_impl.o [1]
  .text                ro code  0x000044e0    0x18  Uart_impl.o [1]
  .text                ro code  0x000044f8     0x8  Uart_impl.o [1]
  .text                ro code  0x00004500     0x8  Uart_impl.o [1]
  .text                ro code  0x00004508     0xc  Uart_impl.o [1]
  .text                ro code  0x00004514     0x2  Uart_impl.o [1]
  .text                ro code  0x00004516     0x8  TimerMs_impl.o [1]
  .text                ro code  0x0000451e     0x4  TimerMs_impl.o [1]
  .text                ro code  0x00004522     0xc  TimerMs_impl.o [1]
  .text                ro code  0x0000452e     0xa  TimerMs_impl.o [1]
  .text                ro code  0x00004538     0x2  TimerMs_impl.o [1]
  .text                ro code  0x0000453a    0x12  Uart_impl.o [1]
  .text                ro code  0x0000454c    0x1a  Uart_impl.o [1]
  .text                ro code  0x00004566     0x2  Uart_impl.o [1]
  .text                ro code  0x00004568     0xe  Uart_impl.o [1]
  .text                ro code  0x00004576     0xa  Uart_impl.o [1]
  .text                ro code  0x00004580    0x20  Uart_impl.o [1]
  .text                ro code  0x000045a0     0x8  Uart_impl.o [1]
  .text                ro code  0x000045a8    0x50  Uart_impl.o [1]
  .text                ro code  0x000045f8    0x24  Uart_impl.o [1]
  .text                ro code  0x0000461c    0x20  Uart_impl.o [1]
  .text                ro code  0x0000463c     0x4  TimerMs_impl.o [1]
  .text                ro code  0x00004640    0x1a  TimerMs_impl.o [1]
  .text                ro code  0x0000465c    0x10  TimerMs_impl.o [1]
  .text                ro code  0x0000466c     0x8  Uart_impl.o [1]
  .text                ro code  0x00004674    0x10  Uart_impl.o [1]
  .text                ro code  0x00004684     0x6  Uart_impl.o [1]
  .text                ro code  0x0000468a    0x2a  Uart_impl.o [1]
  .text                ro code  0x000046b4    0x78  Uart_impl.o [1]
  .text                ro code  0x0000472c    0x64  Uart_impl.o [1]
  .text                ro code  0x00004790     0xc  exception.o [4]
  .text                ro code  0x0000479c    0x30  Uart_impl.o [1]
  .text                ro code  0x000047cc    0x16  Uart_impl.o [1]
  .text                ro code  0x000047e2     0x4  Uart_impl.o [1]
  .text                ro code  0x000047e8    0x70  string.o [4]
  .text                ro code  0x00004858    0x50  Uart_impl.o [1]
  .text                ro code  0x000048a8    0x10  Uart_impl.o [1]
  .text                ro code  0x000048b8    0x12  Uart_impl.o [1]
  .text                ro code  0x000048ca    0x7c  Uart_impl.o [1]
  .text                ro code  0x00004946     0x8  Uart_impl.o [1]
  .text                ro code  0x0000494e     0xe  Uart_impl.o [1]
  .text                ro code  0x0000495c     0xe  Uart_impl.o [1]
  .text                ro code  0x0000496a     0xc  Uart_impl.o [1]
  .text                ro code  0x00004976     0xc  Uart_impl.o [1]
  .text                ro code  0x00004982     0x8  Uart_impl.o [1]
  .text                ro code  0x0000498c   0x486  Exti_impl.o [1]
  .text                ro code  0x00004e12    0x24  Exti_impl.o [1]
  .text                ro code  0x00004e36     0x4  Exti_impl.o [1]
  .text                ro code  0x00004e3a    0xaa  Exti_impl.o [1]
  .text                ro code  0x00004ee4    0xaa  Exti_impl.o [1]
  .text                ro code  0x00004f8e     0xa  Exti_impl.o [1]
  .text                ro code  0x00004f98     0xa  Exti_impl.o [1]
  .text                ro code  0x00004fa2     0xc  Exti_impl.o [1]
  .text                ro code  0x00004fae    0x5c  Exti_impl.o [1]
  .text                ro code  0x0000500a     0x2  Exti_impl.o [1]
  .text                ro code  0x0000500c     0xe  Exti_impl.o [1]
  .text                ro code  0x0000501a     0x8  Exti_impl.o [1]
  .text                ro code  0x00005022     0x4  Exti_impl.o [1]
  .text                ro code  0x00005028   0x308  ics.o [1]
  .text                ro code  0x00005330   0x1a8  sysinit.o [1]
  .text                ro code  0x000054d8   0x144  sim.o [1]
  .text                ro code  0x0000561c    0xb4  TimerBase_impl.o [1]
  .text                ro code  0x000056d0    0x1e  TimerMcs_impl.o [1]
  .text                ro code  0x000056f0    0x3c  TimerBase_impl.o [1]
  .text                ro code  0x0000572c    0x3c  TimerBase_impl.o [1]
  .text                ro code  0x00005768     0x8  TimerMcs_impl.o [1]
  .text                ro code  0x00005770    0x3a  TimerMcs_impl.o [1]
  .text                ro code  0x000057aa    0x14  TimerMcs_impl.o [1]
  .text                ro code  0x000057be     0x8  TimerMcs_impl.o [1]
  .text                ro code  0x000057c6     0xe  TimerMcs_impl.o [1]
  .text                ro code  0x000057d4     0xe  TimerMcs_impl.o [1]
  .text                ro code  0x000057e2    0x14  TimerMcs_impl.o [1]
  .text                ro code  0x000057f6    0x12  TimerMcs_impl.o [1]
  .text                ro code  0x00005808     0xc  TimerMcs_impl.o [1]
  .text                ro code  0x00005814     0x2  TimerMcs_impl.o [1]
  .text                ro code  0x00005816     0xc  TimerMcs_impl.o [1]
  .text                ro code  0x00005822     0x4  TimerMcs_impl.o [1]
  .text                ro code  0x00005826     0xe  TimerMcs_impl.o [1]
  .text                ro code  0x00005834     0xa  TimerMcs_impl.o [1]
  .text                ro code  0x0000583e    0x12  TimerMcs_impl.o [1]
  .text                ro code  0x00005850    0x14  TimerMcs_impl.o [1]
  .text                ro code  0x00005864     0x8  TimerMcs_impl.o [1]
  .text                ro code  0x0000586c     0xc  TimerMcs_impl.o [1]
  .text                ro code  0x00005878    0x1a  TimerMcs_impl.o [1]
  .text                ro code  0x00005892     0x8  TimerMcs_impl.o [1]
  .text                ro code  0x0000589a     0x4  TimerMcs_impl.o [1]
  .text                ro code  0x0000589e    0x12  TimerMcs_impl.o [1]
  .text                ro code  0x000058b0     0x4  TimerMcs_impl.o [1]
  .text                ro code  0x000058b4     0x8  TimerMcs_impl.o [1]
  .text                ro code  0x000058bc     0x2  TimerMcs_impl.o [1]
  .text                ro code  0x000058c0    0xa0  startup.o [1]
  .text                ro code  0x00005960     0xc  arm_cm0.o [1]
  .text                ro code  0x0000596c    0x98  flash.o [1]
  .text                ro code  0x00005a04    0x74  Exti_impl.o [1]
  .text                ro code  0x00005a78    0x12  Exti_impl.o [1]
  .text                ro code  0x00005a8a    0x12  Exti_impl.o [1]
  .text                ro code  0x00005a9c     0x8  Exti_impl.o [1]
  .text                ro code  0x00005aa4     0xe  Exti_impl.o [1]
  .text                ro code  0x00005ab2     0xe  Exti_impl.o [1]
  .text                ro code  0x00005ac0    0x14  Exti_impl.o [1]
  .text                ro code  0x00005ad4     0x8  Exti_impl.o [1]
  .text                ro code  0x00005adc     0xa  Exti_impl.o [1]
  .text                ro code  0x00005ae6    0x14  Exti_impl.o [1]
  .text                ro code  0x00005afa    0x18  Exti_impl.o [1]
  .text                ro code  0x00005b12     0x4  Exti_impl.o [1]
  .text                ro code  0x00005b16     0x8  Exti_impl.o [1]
  .text                ro code  0x00005b1e    0x3a  Exti_impl.o [1]
  .text                ro code  0x00005b58    0x12  Exti_impl.o [1]
  .text                ro code  0x00005b6a    0x74  Exti_impl.o [1]
  .text                ro code  0x00005bde     0x8  Exti_impl.o [1]
  .text                ro code  0x00005be6     0xc  Exti_impl.o [1]
  .text                ro code  0x00005bf2     0xc  Exti_impl.o [1]
  .text                ro code  0x00005bfe    0x12  Exti_impl.o [1]
  .text                ro code  0x00005c10     0xc  Exti_impl.o [1]
  .text                ro code  0x00005c1c    0x1a  Exti_impl.o [1]
  .text                ro code  0x00005c36     0x8  Exti_impl.o [1]
  .text                ro code  0x00005c3e    0x16  Exti_impl.o [1]
  .text                ro code  0x00005c54     0x8  Exti_impl.o [1]
  .text                ro code  0x00005c5c     0xc  Exti_impl.o [1]
  .text                ro code  0x00005c68    0x6a  Exti_impl.o [1]
  .text                ro code  0x00005cd2    0x36  Exti_impl.o [1]
  .text                ro code  0x00005d08     0xc  Exti_impl.o [1]
  .text                ro code  0x00005d14    0x46  Exti_impl.o [1]
  .text                ro code  0x00005d5a    0x62  Exti_impl.o [1]
  .text                ro code  0x00005dbc     0xa  Exti_impl.o [1]
  .text                ro code  0x00005dc6     0x2  Exti_impl.o [1]
  .text                ro code  0x00005dc8    0x62  Uart_impl.o [1]
  .text                ro code  0x00005e2a     0xa  Uart_impl.o [1]
  .text                ro code  0x00005e34     0x2  Uart_impl.o [1]
  .text                ro code  0x00005e38    0x58  wdog.o [1]
  .rodata              const    0x00005e90    0x50  sysinit.o [1]
  .text                ro code  0x00005ee0    0x4a  TimerMcs_impl.o [1]
  .text                ro code  0x00005f2a     0xa  TimerMcs_impl.o [1]
  .text                ro code  0x00005f34     0xa  TimerMcs_impl.o [1]
  .text                ro code  0x00005f3e     0x2  TimerMcs_impl.o [1]
  .text                ro code  0x00005f40    0x4a  TimerMs_impl.o [1]
  .rodata              const    0x00005f8c    0x3c  tests.o [1]
  .text                ro code  0x00005fc8    0x3c  zero_init3.o [5]
  .text                ro code  0x00006004    0x3a  TimerMcs_impl.o [1]
  .text                ro code  0x0000603e     0xa  TimerMcs_impl.o [1]
  .text                ro code  0x00006048     0x2  TimerMcs_impl.o [1]
  .text                ro code  0x0000604a    0x3a  TimerMs_impl.o [1]
  .text                ro code  0x00006084     0xa  TimerMs_impl.o [1]
  .text                ro code  0x0000608e     0x2  TimerMs_impl.o [1]
  .rodata              const    0x00006090    0x38  tests.o [1]
  .rodata              const    0x000060c8    0x38  tests.o [1]
  .rodata              const    0x00006100    0x34  tests.o [1]
  .rodata              const    0x00006134    0x34  tests.o [1]
  .rodata              const    0x00006168    0x34  tests.o [1]
  .rodata              const    0x0000619c    0x30  ftm.o [1]
  .rodata              const    0x000061cc    0x30  gpio.o [1]
  .rodata              const    0x000061fc    0x30  uart.o [1]
  .text                ro code  0x0000622c    0x30  TimerMcs_impl.o [1]
  .text                ro code  0x0000625c    0x2c  rtc.o [1]
  .rodata              const    0x00006288    0x28  tests.o [1]
  .rodata              const    0x000062b0    0x28  tests.o [1]
  .text                ro code  0x000062d8    0x28  data_init.o [5]
  .rodata              const    0x00006300    0x24  assert.o [1]
  .rodata              const    0x00006324    0x24  sysinit.o [1]
  .data_init                    0x00006348    0x24  <Block>
    Initializer bytes  const    0x00006348    0x24  <for .data-1>
  .iar.init_table      const    0x0000636c    0x14  - Linker created -
  .rodata              const    0x00006380    0x20  sysinit.o [1]
  .rodata              const    0x000063a0    0x20  sysinit.o [1]
  .rodata              const    0x000063c0    0x20  tests.o [1]
  .text                ro code  0x000063e0    0x20  cmain_call_ctors.o [5]
  SHT$$PREINIT_ARRAY            0x00006400     0x0  <Block>
  SHT$$INIT_ARRAY               0x00006400    0x20  <Block>
    .init_array        const    0x00006400     0x4  Eeprom_impl.o [1]
    .init_array        const    0x00006404     0x4  Exti_impl.o [1]
    .init_array        const    0x00006408     0x4  tests.o [1]
    .init_array        const    0x0000640c     0x4  TimerBase_impl.o [1]
    .init_array        const    0x00006410     0x4  TimerMcs100_impl.o [1]
    .init_array        const    0x00006414     0x4  TimerMcs_impl.o [1]
    .init_array        const    0x00006418     0x4  TimerMs_impl.o [1]
    .init_array        const    0x0000641c     0x4  Uart_impl.o [1]
  .rodata              const    0x00006420    0x1c  Exti_impl.o [1]
  .rodata              const    0x0000643c    0x1c  sysinit.o [1]
  .rodata              const    0x00006458    0x1c  Uart_impl.o [1]
  .rodata              const    0x00006474    0x1c  unity.o [1]
  .text                ro code  0x00006490    0x1a  cmain.o [5]
  .text                ro code  0x000064aa     0x4  low_level_init.o [3]
  .text                ro code  0x000064ae     0xe  levaux_drivers.o [1]
  .text                ro code  0x000064bc     0x8  exit.o [3]
  .text                ro code  0x000064c4     0xe  cexit.o [5]
  .rodata              const    0x000064d4    0x18  sysinit.o [1]
  .rodata              const    0x000064ec    0x18  sysinit.o [1]
  .rodata              const    0x00006504    0x18  tests.o [1]
  .rodata              const    0x0000651c    0x18  tests.o [1]
  .rodata              const    0x00006534    0x18  tests.o [1]
  .rodata              const    0x0000654c    0x18  tests.o [1]
  .rodata              const    0x00006564    0x18  tests.o [1]
  .rodata              const    0x0000657c    0x18  tests.o [1]
  .rodata              const    0x00006594    0x18  tests.o [1]
  .rodata              const    0x000065ac    0x18  tests.o [1]
  .rodata              const    0x000065c4    0x18  tests.o [1]
  .rodata              const    0x000065dc    0x18  tests.o [1]
  .rodata              const    0x000065f4    0x18  tests.o [1]
  .rodata              const    0x0000660c    0x18  tests.o [1]
  .rodata              const    0x00006624    0x18  tests.o [1]
  .rodata              const    0x0000663c    0x18  TimerMcs100_impl.o [1]
  .rodata              const    0x00006654    0x18  TimerMs_impl.o [1]
  .rodata              const    0x0000666c    0x18  unity.o [1]
  .text                ro code  0x00006684    0x18  vectors.o [1]
  .rodata              const    0x0000669c    0x14  Gpio_impl.o [1]
  .rodata              const    0x000066b0    0x14  sysinit.o [1]
  .rodata              const    0x000066c4    0x14  sysinit.o [1]
  .rodata              const    0x000066d8    0x14  tests.o [1]
  .rodata              const    0x000066ec    0x14  tests.o [1]
  .rodata              const    0x00006700    0x14  tests.o [1]
  .rodata              const    0x00006714    0x14  tests.o [1]
  .rodata              const    0x00006728    0x14  tests.o [1]
  .rodata              const    0x0000673c    0x14  tests.o [1]
  .rodata              const    0x00006750    0x14  tests.o [1]
  .rodata              const    0x00006764    0x14  tests.o [1]
  .rodata              const    0x00006778    0x14  tests.o [1]
  .rodata              const    0x0000678c    0x14  tests.o [1]
  .rodata              const    0x000067a0    0x14  TimerMs_impl.o [1]
  .rodata              const    0x000067b4    0x14  TimerMs_impl.o [1]
  .rodata              const    0x000067c8    0x14  Uart_impl.o [1]
  .rodata              const    0x000067dc    0x14  Uart_impl.o [1]
  .rodata              const    0x000067f0    0x14  Uart_impl.o [1]
  .rodata              const    0x00006804    0x14  Uart_impl.o [1]
  .rodata              const    0x00006818    0x14  unity_fixture.o [1]
  .rodata              const    0x0000682c    0x14  exception.o [4]
  .text                ro code  0x00006840    0x14  Eeprom_impl.o [1]
  .text                ro code  0x00006854    0x12  Gpio_impl.o [1]
  .text                ro code  0x00006866     0xe  Gpio_impl.o [1]
  .text                ro code  0x00006874     0x8  Gpio_impl.o [1]
  .text                ro code  0x0000687c     0x2  Gpio_impl.o [1]
  .text                ro code  0x0000687e    0x12  tests.o [1]
  .text                ro code  0x00006890     0xe  tests.o [1]
  .text                ro code  0x0000689e    0x12  tests.o [1]
  .text                ro code  0x000068b0     0xe  tests.o [1]
  .text                ro code  0x000068be    0x12  tests.o [1]
  .text                ro code  0x000068d0     0xe  tests.o [1]
  .rodata              const    0x000068e0    0x10  Gpio_impl.o [1]
  .rodata              const    0x000068f0    0x10  sysinit.o [1]
  .rodata              const    0x00006900    0x10  tests.o [1]
  .rodata              const    0x00006910    0x10  tests.o [1]
  .rodata              const    0x00006920    0x10  tests.o [1]
  .rodata              const    0x00006930    0x10  tests.o [1]
  .rodata              const    0x00006940    0x10  tests.o [1]
  .rodata              const    0x00006950    0x10  tests.o [1]
  .rodata              const    0x00006960    0x10  tests.o [1]
  .rodata              const    0x00006970    0x10  tests.o [1]
  .rodata              const    0x00006980    0x10  Uart_impl.o [1]
  .text                ro code  0x00006990    0x10  Eeprom_impl.o [1]
  .text                ro code  0x000069a0    0x10  start.o [1]
  .text                ro code  0x000069b0     0xe  Exti_impl.o [1]
  .text                ro code  0x000069be     0xe  Exti_impl.o [1]
  .text                ro code  0x000069cc     0x8  Exti_impl.o [1]
  .text                ro code  0x000069d4     0xe  TimerMcs_impl.o [1]
  .text                ro code  0x000069e2     0xe  TimerMs_impl.o [1]
  .text                ro code  0x000069f0     0xe  Uart_impl.o [1]
  .text                ro code  0x000069fe     0xe  Uart_impl.o [1]
  .text                ro code  0x00006a0c     0x8  Uart_impl.o [1]
  .rodata              const    0x00006a14     0xc  sysinit.o [1]
  .rodata              const    0x00006a20     0xc  sysinit.o [1]
  .rodata              const    0x00006a2c     0xc  sysinit.o [1]
  .rodata              const    0x00006a38     0xc  tests.o [1]
  .rodata              const    0x00006a44     0xc  tests.o [1]
  .rodata              const    0x00006a50     0xc  tests.o [1]
  .rodata              const    0x00006a5c     0xc  tests.o [1]
  .rodata              const    0x00006a68     0xc  tests.o [1]
  .rodata              const    0x00006a74     0xc  unity.o [1]
  .rodata              const    0x00006a80     0xc  unity.o [1]
  .rodata              const    0x00006a8c     0xc  unity.o [1]
  .rodata              const    0x00006a98     0xc  unity.o [1]
  .rodata              const    0x00006aa4     0xc  unity.o [1]
  .text                ro code  0x00006ab0     0xc  cstartup_M.o [5]
  .rodata              const    0x00006abc     0x8  tests.o [1]
  .rodata              const    0x00006ac4     0x8  tests.o [1]
  .rodata              const    0x00006acc     0x8  tests.o [1]
  .rodata              const    0x00006ad4     0x8  tests.o [1]
  .rodata              const    0x00006adc     0x8  tests.o [1]
  .rodata              const    0x00006ae4     0x8  tests.o [1]
  .rodata              const    0x00006aec     0x8  tests.o [1]
  .rodata              const    0x00006af4     0x8  tests.o [1]
  .rodata              const    0x00006afc     0x8  unity.o [1]
  .rodata              const    0x00006b04     0x8  unity.o [1]
  .rodata              const    0x00006b0c     0x8  unity.o [1]
  .rodata              const    0x00006b14     0x8  unity.o [1]
  .rodata              const    0x00006b1c     0x8  unity_fixture.o [1]
  .text                ro code  0x00006b24     0x8  tests.o [1]
  .text                ro code  0x00006b2c     0x8  tests.o [1]
  .text                ro code  0x00006b34     0x8  tests.o [1]
  .rodata              const    0x00006b3c     0x4  sim.o [1]
  .rodata              const    0x00006b40     0x4  tests.o [1]
  .rodata              const    0x00006b44     0x4  tests.o [1]
  .rodata              const    0x00006b48     0x4  tests.o [1]
  .rodata              const    0x00006b4c     0x4  Uart_impl.o [1]
  .rodata              const    0x00006b50     0x4  unity.o [1]
  .rodata              const    0x00006b54     0x4  unity.o [1]
  .text                ro code  0x00006b58     0x0  cstart_call_dtors.o [5]
  .rodata              const    0x00006b58     0x0  zero_init3.o [5]
                              - 0x00006b58  0x6730

"P2", part 1 of 3:                            0x24
  .data                         0x20000010    0x24  <Block>
    .data-1                     0x20000010    0x24  <Init block>
      .data            inited   0x20000010     0x4  tests.o [1]
      .data            inited   0x20000014     0x4  tests.o [1]
      .data            inited   0x20000018     0x4  tests.o [1]
      .data            inited   0x2000001c     0x4  tests.o [1]
      .data            inited   0x20000020     0x4  tests.o [1]
      .data            inited   0x20000024     0x4  tests.o [1]
      .data            inited   0x20000028     0x4  tests.o [1]
      .data            inited   0x2000002c     0x4  tests.o [1]
      .data            inited   0x20000030     0x4  unity_fixture.o [1]
                              - 0x20000034    0x24

"P2", part 2 of 3:                           0x28c
  .bss                          0x20000038   0x28c  <Block>
    .bss               zero     0x20000038    0x68  unity.o [1]
    .bss               zero     0x200000a0    0x10  alloc.o [1]
    .bss               zero     0x200000b0     0x4  alloc.o [1]
    .bss               zero     0x200000b4     0x4  Eeprom_impl.o [1]
    .bss               zero     0x200000b8     0xc  Exti_impl.o [1]
    .bss               zero     0x200000c4     0x4  rtc.o [1]
    .bss               zero     0x200000c8     0x4  tests.o [1]
    .bss               zero     0x200000cc     0x4  tests.o [1]
    .bss               zero     0x200000d0     0x4  tests.o [1]
    .bss               zero     0x200000d4     0x4  tests.o [1]
    .bss               zero     0x200000d8     0x4  tests.o [1]
    .bss               zero     0x200000dc     0x4  tests.o [1]
    .bss               zero     0x200000e0     0xc  TimerMcs_impl.o [1]
    .bss               zero     0x200000ec     0xc  TimerMs_impl.o [1]
    .bss               zero     0x200000f8     0xc  Uart_impl.o [1]
    .bss               zero     0x20000104    0x10  unity_fixture.o [1]
    .bss               zero     0x20000114     0x4  unity_fixture.o [1]
    .bss               zero     0x20000118   0x190  unity_fixture.o [1]
    .bss               zero     0x200002a8     0x4  unity_fixture.o [1]
    .bss               zero     0x200002ac     0x4  cppinit.o [3]
    .bss               zero     0x200002b0     0x4  cppinit.o [3]
    .bss               zero     0x200002b4     0x4  new.o [4]
    .bss               zero     0x200002b8     0x2  sysinit.o [1]
    .bss               zero     0x200002ba     0x2  sysinit.o [1]
    .bss               zero     0x200002bc     0x1  Pwm_impl.o [1]
    .bss               zero     0x200002bd     0x1  TimerMcs_impl.o [1]
    .bss               zero     0x200002be     0x1  TimerMs_impl.o [1]
                              - 0x200002c0   0x28c

"P2", part 3 of 3:                           0x5e0
  .iar.dynexit                  0x200002c0   0x1e0  <Block>
    .iar.dynexit       uninit   0x200002c0     0xc  cppinit.o [3]
    .iar.dynexit       uninit   0x200002cc   0x1d4  <Block tail>
  CodeRelocateRam               0x200004a0     0x0  <Block>
  HEAP                          0x200004a0   0x400  <Block>
    HEAP               uninit   0x200004a0   0x400  <Block tail>
                              - 0x200008a0   0x5e0


*******************************************************************************
*** INIT TABLE
***

          Address     Size
          -------     ----
Zero (__iar_zero_init3)
    1 destination range, total size 0x287:
          0x20000038  0x287

Extra (__iar_cstart_call_ctors)



*******************************************************************************
*** MODULE SUMMARY
***

    Module               ro code  ro data  rw data  ro data
                                                     (abs)
    ------               -------  -------  -------  -------
F:\levaux\kexx_drv_lib\build\iar\ke02\levaux_drivers\FLASH_32KB_PFLASH\Obj: [1]
    Adc_impl.o               104
    Eeprom_impl.o             36        4        4
    Exti_impl.o            2 788       32       12
    Gpio_impl.o              186       36
    Pwm_impl.o               404       40        1
    TimerBase_impl.o         300        4
    TimerMcs100_impl.o       128       28
    TimerMcs_impl.o          600        4       13
    TimerMs_impl.o         1 632       68       13
    Uart_impl.o            6 946      132       12
    adc.o                    520
    alloc.o                  240                20
    arm_cm0.o                 12
    assert.o                  40       36
    crt0.o                    24
    flash.o                  152
    ftm.o                    328       48
    gpio.o                   808       48
    ics.o                    776
    io.o                      20
    levaux_drivers.o          14
    pit.o                    340
    printf.o               1 208
    rtc.o                     44                 4
    sim.o                    324        4
    start.o                   16
    startup.o                160
    stdlib.o                  30
    sysinit.o                424      348        4
    tests.o                2 842    1 252       56
    uart.o                   384       48
    unity.o                1 152      152      104
    unity_fixture.o          452       32      428
    unity_stubs.o             26
    vectors.o                 24      240                16
    wdog.o                    88
    -------------------------------------------------------
    Total:                23 572    2 556      671       16

command line: [2]
    -------------------------------------------------------
    Total:

dl6M_tln.a: [3]
    abort.o                   10
    cppinit.o                164                20
    exit.o                     8
    low_level_init.o           4
    strstr.o                  56
    -------------------------------------------------------
    Total:                   242                20

dlpp6M_tl_nc.a: [4]
    cxxabi.o                  14
    delop_0.o                 14
    exception.o               12       20
    new.o                                        4
    newop_0.o                 40
    nomemory.o                 8
    string.o                 112
    xthrow_no_throw.o          8
    -------------------------------------------------------
    Total:                   208       20        4

rt6M_tl.a: [5]
    ABImemcpy.o               92
    ABImemmove.o              38
    ABImemset.o               84
    I32DivModFast.o          224
    IntDivZer.o                2
    cexit.o                   14
    cmain.o                   26
    cmain_call_ctors.o        32
    cstart_call_dtors.o
    cstartup_M.o              12
    data_init.o               40
    setjmp.o                  54
    zero_init3.o              60
    -------------------------------------------------------
    Total:                   678

shb_l.a: [6]
    exit.o                    20
    unwind_debug.o                      1
    -------------------------------------------------------
    Total:                    20        1

    Gaps                      27        8
    Linker created                     20    1 492
-----------------------------------------------------------
    Grand Total:          24 747    2 605    2 187       16


*******************************************************************************
*** ENTRY LIST
***

Entry                      Address   Size  Type      Object
-----                      -------   ----  ----      ------
.bss$$Base              0x20000038          --   Gb  - Linker created -
.bss$$Limit             0x200002c0          --   Gb  - Linker created -
.data$$Base             0x20000010          --   Gb  - Linker created -
.data$$Limit            0x20000034          --   Gb  - Linker created -
.data_init$$Base        0x00006348          --   Gb  - Linker created -
.data_init$$Limit       0x0000636c          --   Gb  - Linker created -
.iar.dynexit$$Base      0x200002c0          --   Gb  - Linker created -
.iar.dynexit$$Limit     0x200004a0          --   Gb  - Linker created -
.iar.init_table$$Base   0x0000636c          --   Gb  - Linker created -
.iar.init_table$$Limit  0x00006380          --   Gb  - Linker created -
?main                   0x00006491         Code  Gb  cmain.o [5]
ADC_CompareEnable       0x000026a5    0xa  Code  Lc  adc.o [1]
ADC_CompareFifoAnd      0x000026d7    0xa  Code  Lc  adc.o [1]
ADC_CompareGreaterFunction
                        0x000026af    0xa  Code  Lc  adc.o [1]
ADC_ContinuousConversion
                        0x00002691    0xa  Code  Lc  adc.o [1]
ADC_FifoScanModeEnable  0x000026cd    0xa  Code  Lc  adc.o [1]
ADC_Init                0x000026ef  0x108  Code  Gb  adc.o [1]
ADC_IntEnable           0x00002687    0xa  Code  Lc  adc.o [1]
ADC_IsCOCOFlag          0x000026e7    0x8  Code  Lc  adc.o [1]
ADC_PollRead            0x000027f7   0x1e  Code  Gb  adc.o [1]
ADC_ReadResultReg       0x000026e1    0x6  Code  Lc  adc.o [1]
ADC_SelectClock         0x0000284f   0x12  Code  Gb  adc.o [1]
ADC_SelectClockDivide   0x00002827   0x14  Code  Gb  adc.o [1]
ADC_SetChannel          0x00002815   0x12  Code  Gb  adc.o [1]
ADC_SetFifoLevel        0x00002861   0x12  Code  Gb  adc.o [1]
ADC_SetHardwareTrigger  0x0000269b    0xa  Code  Lc  adc.o [1]
ADC_SetLongSample       0x000026c3    0xa  Code  Lc  adc.o [1]
ADC_SetLowPower         0x000026b9    0xa  Code  Lc  adc.o [1]
ADC_SetMode             0x0000283b   0x14  Code  Gb  adc.o [1]
ASSERT_FAILED_STR       0x00006300   0x24  Data  Gb  assert.o [1]
CodeRelocate$$Base      0x00000390          --   Gb  - Linker created -
CodeRelocate$$Limit     0x00000390          --   Gb  - Linker created -
CodeRelocateRam$$Base   0x200004a0          --   Gb  - Linker created -
CodeRelocateRam$$Limit  0x200004a0          --   Gb  - Linker created -
DtorRecArray            0x200002c0    0xc  Data  Lc  cppinit.o [3]
FEI_to_FBE_OSC          0x00005085   0x80  Code  Gb  ics.o [1]
FEI_to_FEE              0x00005029   0x5c  Code  Gb  ics.o [1]
FEI_to_FEE_OSC          0x00005105   0x5c  Code  Gb  ics.o [1]
FLASH_Init              0x0000596d   0x84  Code  Gb  flash.o [1]
FTM_ClockSet            0x00002509   0x20  Code  Gb  ftm.o [1]
FTM_PWMInit             0x00002529  0x10a  Code  Gb  ftm.o [1]
FTM_SetChannelValue(FTM_Type *, unsigned char, unsigned short)
                        0x000018b5   0x56  Code  Lc  Pwm_impl.o [1]
FTM_SetFTMEnhanced(FTM_Type *)
                        0x00001865   0x2a  Code  Lc  Pwm_impl.o [1]
FTM_SetModValue(FTM_Type *, unsigned short)
                        0x0000188f   0x26  Code  Lc  Pwm_impl.o [1]
FTM_WriteProtectionDisable(FTM_Type *)
                        0x00001853   0x12  Code  Lc  Pwm_impl.o [1]
FTM_WriteProtectionEnable(FTM_Type *)
                        0x00001849    0xa  Code  Lc  Pwm_impl.o [1]
FlashIniter::FlashIniter()
                        0x00006841   0x14  Code  Gb  Eeprom_impl.o [1]
GPIO_PinClear           0x00002001   0x34  Code  Gb  gpio.o [1]
GPIO_PinInit            0x00001d51  0x242  Code  Gb  gpio.o [1]
GPIO_PinSet             0x00001fc7   0x34  Code  Gb  gpio.o [1]
GPIO_PinToggle          0x00001f93   0x34  Code  Gb  gpio.o [1]
HEAP$$Base              0x200004a0          --   Gb  - Linker created -
HEAP$$Limit             0x200008a0          --   Gb  - Linker created -
ICS_Init                0x00005221   0x64  Code  Gb  ics.o [1]
ICS_SetClkDivider       0x0000519d   0x84  Code  Gb  ics.o [1]
ICS_Trim                0x00005171   0x2a  Code  Gb  ics.o [1]
Initialization guard variable for LevauxDrivers::TimerBase<(int)0>::m_objects
                        0x200002be    0x1  Data  Gb  TimerMs_impl.o [1]
Initialization guard variable for LevauxDrivers::TimerBase<(int)1>::m_objects
                        0x200002bd    0x1  Data  Gb  TimerMcs_impl.o [1]
KBI0_IRQHandler         0x00005a71    0x8  Code  Gb  Exti_impl.o [1]
KBI_ClrFlags(KBI_Type *)
                        0x00005a17    0xa  Code  Lc  Exti_impl.o [1]
LevauxDrivers::Adc::Adc(LevauxDrivers::Adc::AdcChannel, unsigned short)
                        0x000019dd   0x3c  Code  Gb  Adc_impl.o [1]
LevauxDrivers::Adc::GetCode()
                        0x00001a19   0x28  Code  Gb  Adc_impl.o [1]
LevauxDrivers::Exti::controlInterrupt()
                        0x00005a21   0x3e  Code  Gb  Exti_impl.o [1]
LevauxDrivers::GpioBase::GpioBase(LevauxDrivers::GpioPort, LevauxDrivers::GpioPin)
                        0x0000013b   0x1a  Code  Gb  Gpio_impl.o [1]
LevauxDrivers::GpioBase::GpioBase(LevauxDrivers::GpioPort, LevauxDrivers::GpioPin) [subobject]
                        0x00000131    0xa  Code  Gb  Gpio_impl.o [1]
LevauxDrivers::GpioBase::~GpioBase()
                        0x0000687d    0x2  Code  Gb  Gpio_impl.o [1]
LevauxDrivers::GpioBase::~GpioBase() [subobject]
                        0x00006875    0x8  Code  Gb  Gpio_impl.o [1]
LevauxDrivers::Gpo::Gpo(LevauxDrivers::GpioPort, LevauxDrivers::GpioPin)
                        0x00000155   0x22  Code  Gb  Gpio_impl.o [1]
LevauxDrivers::Gpo::operator <<(bool)
                        0x000001ab    0xc  Code  Gb  Gpio_impl.o [1]
LevauxDrivers::Gpo::operator =(bool)
                        0x0000018f   0x12  Code  Gb  Gpio_impl.o [1]
LevauxDrivers::Gpo::operator ^=(bool)
                        0x000001a1    0xa  Code  Gb  Gpio_impl.o [1]
LevauxDrivers::Gpo::setBit(bool)
                        0x00000177   0x18  Code  Gb  Gpio_impl.o [1]
LevauxDrivers::Gpo::~Gpo()
                        0x00006867    0xe  Code  Gb  Gpio_impl.o [1]
LevauxDrivers::Gpo::~Gpo() [deleting]
                        0x00006855   0x12  Code  Gb  Gpio_impl.o [1]
LevauxDrivers::Pwm::Pwm(LevauxDrivers::Pwm::PwmChannel)
                        0x0000190b   0x70  Code  Gb  Pwm_impl.o [1]
LevauxDrivers::Pwm::setDutyCycle(unsigned int, unsigned int)
                        0x0000197b   0x46  Code  Gb  Pwm_impl.o [1]
LevauxDrivers::TimerBase<(int)0>::TimerBase()
                        0x00002b91   0x88  Code  Gb  TimerMs_impl.o [1]
LevauxDrivers::TimerBase<(int)0>::TimerBase() [subobject]
                        0x00002337    0x8  Code  Gb  TimerMs_impl.o [1]
LevauxDrivers::TimerBase<(int)0>::controlInterrupt()
                        0x000056f1   0x3c  Code  Gb  TimerBase_impl.o [1]
LevauxDrivers::TimerBase<(int)0>::m_objects
                        0x200000ec    0xc  Data  Gb  TimerMs_impl.o [1]
LevauxDrivers::TimerBase<(int)0>::onTimerBaseTick()
                        0x00000107    0x2  Code  Gb  TimerMs_impl.o [1]
LevauxDrivers::TimerBase<(int)0>::~TimerBase()
                        0x00003735   0x88  Code  Gb  TimerMs_impl.o [1]
LevauxDrivers::TimerBase<(int)0>::~TimerBase() [subobject]
                        0x00002c19    0x8  Code  Gb  TimerMs_impl.o [1]
LevauxDrivers::TimerBase<(int)1>::controlInterrupt()
                        0x0000572d   0x3c  Code  Gb  TimerBase_impl.o [1]
LevauxDrivers::TimerBase<(int)1>::m_objects
                        0x200000e0    0xc  Data  Gb  TimerMcs_impl.o [1]
LevauxDrivers::TimerMcs100::TimerMcs100()
                        0x000024b9   0x16  Code  Gb  TimerMcs100_impl.o [1]
LevauxDrivers::TimerMcs100::TimerMcs100() [subobject]
                        0x00002489    0x8  Code  Gb  TimerMcs100_impl.o [1]
LevauxDrivers::TimerMcs100::getTimer()
                        0x00001845    0x4  Code  Gb  tests.o [1]
LevauxDrivers::TimerMcs100::onTick()
                        0x000024f3    0x2  Code  Gb  TimerMcs100_impl.o [1]
LevauxDrivers::TimerMcs100::onTimerBaseTick()
                        0x000024f5   0x14  Code  Gb  TimerMcs100_impl.o [1]
LevauxDrivers::TimerMcs100::~TimerMcs100()
                        0x000024e5    0xe  Code  Gb  TimerMcs100_impl.o [1]
LevauxDrivers::TimerMcs100::~TimerMcs100() [subobject]
                        0x00002491    0x8  Code  Gb  TimerMcs100_impl.o [1]
LevauxDrivers::TimerMs::TimerMs()
                        0x00002413   0x1a  Code  Gb  TimerMs_impl.o [1]
LevauxDrivers::TimerMs::TimerMs() [subobject]
                        0x00002341    0x8  Code  Gb  TimerMs_impl.o [1]
LevauxDrivers::TimerMs::getTimer()
                        0x00001825    0x4  Code  Gb  tests.o [1]
LevauxDrivers::TimerMs::onTick()
                        0x00002463    0x2  Code  Gb  TimerMs_impl.o [1]
LevauxDrivers::TimerMs::onTimerBaseTick()
                        0x00002465   0x24  Code  Gb  TimerMs_impl.o [1]
LevauxDrivers::TimerMs::~TimerMs()
                        0x00002455    0xe  Code  Gb  TimerMs_impl.o [1]
LevauxDrivers::TimerMs::~TimerMs() [subobject]
                        0x00002349    0x8  Code  Gb  TimerMs_impl.o [1]
LevauxDrivers::Uart::Uart(LevauxDrivers::Uart::UartNumber, LevauxDrivers::Uart::UartBaudRate)
                        0x0000151b   0x76  Code  Gb  Uart_impl.o [1]
LevauxDrivers::Uart::getCounterRx()
                        0x0000023b    0x6  Code  Gb  tests.o [1]
LevauxDrivers::Uart::getIRQn() const
                        0x000016f5   0x2a  Code  Gb  Uart_impl.o [1]
LevauxDrivers::Uart::getSatusTx()
                        0x0000162d   0x18  Code  Gb  Uart_impl.o [1]
LevauxDrivers::Uart::handleISR()
                        0x00001645   0xb0  Code  Gb  Uart_impl.o [1]
LevauxDrivers::Uart::isr(LevauxDrivers::Uart::UartNumber)
                        0x0000171f   0x32  Code  Gb  Uart_impl.o [1]
LevauxDrivers::Uart::m_objects
                        0x200000f8    0xc  Data  Gb  Uart_impl.o [1]
LevauxDrivers::Uart::readData(unsigned char *, unsigned int &, unsigned int)
                        0x000015e9   0x44  Code  Gb  Uart_impl.o [1]
LevauxDrivers::Uart::sendData(unsigned char const *, unsigned int)
                        0x000015cb   0x1e  Code  Gb  Uart_impl.o [1]
LevauxDrivers::Uart::~Uart()
                        0x00001591   0x3a  Code  Gb  Uart_impl.o [1]
LevauxDrivers::Uart::~Uart() [deleting]
                        0x000014a5   0x12  Code  Gb  Uart_impl.o [1]
NVIC_DisableIRQ         0x000035ef    0xe  Code  Lc  pit.o [1]
NVIC_DisableIRQ(IRQn)   0x0000237f    0xe  Code  Lc  TimerMs_impl.o [1]
NVIC_DisableIRQ(IRQn)   0x000014d7    0xe  Code  Lc  Uart_impl.o [1]
NVIC_EnableIRQ          0x00002679    0xe  Code  Lc  adc.o [1]
NVIC_EnableIRQ          0x000035e1    0xe  Code  Lc  pit.o [1]
NVIC_EnableIRQ(IRQn)    0x00005659    0xe  Code  Lc  TimerBase_impl.o [1]
NVIC_EnableIRQ(IRQn)    0x00002371    0xe  Code  Lc  TimerMs_impl.o [1]
NVIC_EnableIRQ(IRQn)    0x000014c9    0xe  Code  Lc  Uart_impl.o [1]
OSC_Init                0x00005285   0x8c  Code  Gb  ics.o [1]
PIT_CH0_IRQHandler      0x000056a9   0x14  Code  Gb  TimerBase_impl.o [1]
PIT_CH1_IRQHandler      0x000056bd   0x14  Code  Gb  TimerBase_impl.o [1]
PIT_ChannelClrFlags(unsigned char)
                        0x00005667   0x1e  Code  Lc  TimerBase_impl.o [1]
PIT_ChannelClrFlags(unsigned char)
                        0x000023f5   0x1e  Code  Lc  TimerMs_impl.o [1]
PIT_ChannelDisable(unsigned char)
                        0x0000239b   0x1e  Code  Lc  TimerMs_impl.o [1]
PIT_ChannelDisableChain(unsigned char)
                        0x000023d7   0x1e  Code  Lc  TimerMs_impl.o [1]
PIT_ChannelDisableInt(unsigned char)
                        0x000023b9   0x1e  Code  Lc  TimerMs_impl.o [1]
PIT_ChannelEnable       0x00003619   0x1e  Code  Lc  pit.o [1]
PIT_ChannelEnableChain  0x00003655   0x1e  Code  Lc  pit.o [1]
PIT_ChannelEnableInt    0x00003637   0x1e  Code  Lc  pit.o [1]
PIT_Enable              0x000035fd    0xe  Code  Lc  pit.o [1]
PIT_Init                0x00003673   0xa2  Code  Gb  pit.o [1]
PIT_SetDebugFreeze      0x0000360b    0xe  Code  Lc  pit.o [1]
PIT_SetDebugOn()        0x0000238d    0xe  Code  Lc  TimerMs_impl.o [1]
PIT_SetLoadVal          0x00003715    0xc  Code  Gb  pit.o [1]
RTC_Callback            0x200000c4    0x4  Data  Gb  rtc.o [1]
RTC_ClrFlags            0x0000625d    0xe  Code  Lc  rtc.o [1]
RTC_Isr                 0x0000626b   0x16  Code  Gb  rtc.o [1]
Region$$Table$$Base     0x0000636c          --   Gb  - Linker created -
Region$$Table$$Limit    0x00006380          --   Gb  - Linker created -
SHT$$INIT_ARRAY$$Base   0x00006400          --   Gb  - Linker created -
SHT$$INIT_ARRAY$$Limit  0x00006420          --   Gb  - Linker created -
SHT$$PREINIT_ARRAY$$Base
                        0x00006400          --   Gb  - Linker created -
SHT$$PREINIT_ARRAY$$Limit
                        0x00006400          --   Gb  - Linker created -
SIM_GetStatus           0x000055db    0x8  Code  Gb  sim.o [1]
SIM_Init                0x000054d9  0x102  Code  Gb  sim.o [1]
SIM_ReadID              0x000055e3   0x20  Code  Gb  sim.o [1]
SIM_RemapFTM1CH0Pin()   0x00000469   0x10  Code  Lc  tests.o [1]
SIM_RemapFTM1CH1Pin()   0x00000459   0x10  Code  Lc  tests.o [1]
SIM_RemapFTM2CH1Pin()   0x00000449   0x10  Code  Lc  tests.o [1]
TEST_GROUP_adc          0x2000002c    0x4  Data  Lc  tests.o [1]
TEST_GROUP_base_timer_100msec
                        0x2000001c    0x4  Data  Lc  tests.o [1]
TEST_GROUP_gpio         0x20000014    0x4  Data  Lc  tests.o [1]
TEST_GROUP_gpo          0x20000010    0x4  Data  Lc  tests.o [1]
TEST_GROUP_pwm          0x20000028    0x4  Data  Lc  tests.o [1]
TEST_GROUP_timer_100msec
                        0x20000024    0x4  Data  Lc  tests.o [1]
TEST_GROUP_timer_ms     0x20000020    0x4  Data  Lc  tests.o [1]
TEST_GROUP_uart         0x20000018    0x4  Data  Lc  tests.o [1]
TEST_adc_GROUP_RUNNER()
                        0x00000dad   0x10  Code  Gb  tests.o [1]
TEST_adc_SETUP()        0x00000ca9    0x2  Code  Gb  tests.o [1]
TEST_adc_TEAR_DOWN()    0x00000cab    0x2  Code  Gb  tests.o [1]
TEST_adc_temp_()        0x00000d81   0x2c  Code  Gb  tests.o [1]
TEST_adc_temp_run()     0x00000d59   0x26  Code  Gb  tests.o [1]
TEST_adc_vrefh_()       0x00000cd5   0x2c  Code  Gb  tests.o [1]
TEST_adc_vrefh_run()    0x00000cad   0x28  Code  Gb  tests.o [1]
TEST_adc_vrefl_()       0x00000d2d   0x2c  Code  Gb  tests.o [1]
TEST_adc_vrefl_run()    0x00000d05   0x26  Code  Gb  tests.o [1]
TEST_base_timer_100msec_GROUP_RUNNER()
                        0x000009ed    0x8  Code  Gb  tests.o [1]
TEST_base_timer_100msec_SETUP()
                        0x00000911   0x1e  Code  Gb  tests.o [1]
TEST_base_timer_100msec_TEAR_DOWN()
                        0x00000935   0x1a  Code  Gb  tests.o [1]
TEST_base_timer_100msec_one_sec_delay_()
                        0x0000099d   0x48  Code  Gb  tests.o [1]
TEST_base_timer_100msec_one_sec_delay_run()
                        0x00000965   0x26  Code  Gb  tests.o [1]
TEST_gpio_GROUP_RUNNER()
                        0x0000068d    0x8  Code  Gb  tests.o [1]
TEST_gpio_SETUP()       0x00000593   0x22  Code  Gb  tests.o [1]
TEST_gpio_TEAR_DOWN()   0x000005b5   0x24  Code  Gb  tests.o [1]
TEST_gpio_blink_led_()  0x0000060d   0x80  Code  Gb  tests.o [1]
TEST_gpio_blink_led_run()
                        0x000005d9   0x26  Code  Gb  tests.o [1]
TEST_gpo_GROUP_RUNNER()
                        0x0000058b    0x8  Code  Gb  tests.o [1]
TEST_gpo_SETUP()        0x0000049f   0x22  Code  Gb  tests.o [1]
TEST_gpo_TEAR_DOWN()    0x000004c1   0x24  Code  Gb  tests.o [1]
TEST_gpo_blink_led_()   0x0000050b   0x80  Code  Gb  tests.o [1]
TEST_gpo_blink_led_run()
                        0x000004e5   0x26  Code  Gb  tests.o [1]
TEST_pwm_GROUP_RUNNER()
                        0x00000ca1    0x8  Code  Gb  tests.o [1]
TEST_pwm_SETUP()        0x00000c1d    0x2  Code  Gb  tests.o [1]
TEST_pwm_TEAR_DOWN()    0x00000c1f    0x2  Code  Gb  tests.o [1]
TEST_pwm_simple_()      0x00000c49   0x58  Code  Gb  tests.o [1]
TEST_pwm_simple_run()   0x00000c21   0x26  Code  Gb  tests.o [1]
TEST_timer_100msec_GROUP_RUNNER()
                        0x00000bad    0x8  Code  Gb  tests.o [1]
TEST_timer_100msec_SETUP()
                        0x00000acd   0x1e  Code  Gb  tests.o [1]
TEST_timer_100msec_TEAR_DOWN()
                        0x00000af5   0x1a  Code  Gb  tests.o [1]
TEST_timer_100msec_three_sec_delay_()
                        0x00000b3d   0x50  Code  Gb  tests.o [1]
TEST_timer_100msec_three_sec_delay_run()
                        0x00000b15   0x28  Code  Gb  tests.o [1]
TEST_timer_ms_GROUP_RUNNER()
                        0x00000ac5    0x8  Code  Gb  tests.o [1]
TEST_timer_ms_SETUP()   0x000009f5   0x1e  Code  Gb  tests.o [1]
TEST_timer_ms_TEAR_DOWN()
                        0x00000a13   0x1a  Code  Gb  tests.o [1]
TEST_timer_ms_five_sec_delay_()
                        0x00000a6d   0x50  Code  Gb  tests.o [1]
TEST_timer_ms_five_sec_delay_run()
                        0x00000a41   0x28  Code  Gb  tests.o [1]
TEST_uart_GROUP_RUNNER()
                        0x000008fd   0x14  Code  Gb  tests.o [1]
TEST_uart_SETUP()       0x00000695   0x24  Code  Gb  tests.o [1]
TEST_uart_TEAR_DOWN()   0x000006b9   0x1a  Code  Gb  tests.o [1]
TEST_uart_rx_multiple_()
                        0x00000883   0x72  Code  Gb  tests.o [1]
TEST_uart_rx_multiple_run()
                        0x0000085d   0x26  Code  Gb  tests.o [1]
TEST_uart_rx_one_()     0x000007e9   0x5e  Code  Gb  tests.o [1]
TEST_uart_rx_one_run()  0x000007bd   0x26  Code  Gb  tests.o [1]
TEST_uart_tx_multiple_()
                        0x00000775   0x42  Code  Gb  tests.o [1]
TEST_uart_tx_multiple_run()
                        0x00000735   0x26  Code  Gb  tests.o [1]
TEST_uart_tx_single_()  0x00000705   0x2a  Code  Gb  tests.o [1]
TEST_uart_tx_single_run()
                        0x000006d9   0x26  Code  Gb  tests.o [1]
Test100McsTimer::Test100McsTimer()
                        0x00001829   0x1c  Code  Gb  tests.o [1]
Test100McsTimer::onTick()
                        0x00006b35    0x8  Code  Gb  tests.o [1]
Test100McsTimer::~Test100McsTimer()
                        0x000068d1    0xe  Code  Gb  tests.o [1]
Test100McsTimer::~Test100McsTimer() [deleting]
                        0x000068bf   0x12  Code  Gb  tests.o [1]
TestMsTimer::TestMsTimer()
                        0x00001809   0x1c  Code  Gb  tests.o [1]
TestMsTimer::onTick()   0x00006b2d    0x8  Code  Gb  tests.o [1]
TestMsTimer::~TestMsTimer()
                        0x000068b1    0xe  Code  Gb  tests.o [1]
TestMsTimer::~TestMsTimer() [deleting]
                        0x0000689f   0x12  Code  Gb  tests.o [1]
TestTimer::TestTimer()  0x000017ed   0x1c  Code  Gb  tests.o [1]
TestTimer::onTimerBaseTick()
                        0x00006b25    0x8  Code  Gb  tests.o [1]
TestTimer::~TestTimer()
                        0x00006891    0xe  Code  Gb  tests.o [1]
TestTimer::~TestTimer() [deleting]
                        0x0000687f   0x12  Code  Gb  tests.o [1]
UART0_IRQHandler        0x00001751    0xa  Code  Gb  Uart_impl.o [1]
UART1_IRQHandler        0x0000175b    0xa  Code  Gb  Uart_impl.o [1]
UART2_IRQHandler        0x00001765    0xa  Code  Gb  Uart_impl.o [1]
UART_CharPresent(UART_Type *)
                        0x000014ed    0x8  Code  Lc  Uart_impl.o [1]
UART_CheckFlag          0x00002205   0x16  Code  Gb  uart.o [1]
UART_DisableInterrupt   0x00002141   0xa2  Code  Gb  uart.o [1]
UART_DisableTxBuffEmptyInt(UART_Type *)
                        0x00001509    0xa  Code  Lc  Uart_impl.o [1]
UART_EnableRxBuffFullInt(UART_Type *)
                        0x000014ff    0xa  Code  Lc  Uart_impl.o [1]
UART_EnableTxBuffEmptyInt(UART_Type *)
                        0x000014f5    0xa  Code  Lc  Uart_impl.o [1]
UART_GetFlags           0x000021f5   0x10  Code  Gb  uart.o [1]
UART_Init               0x000020a1   0x94  Code  Gb  uart.o [1]
UART_InitPrint          0x00005477   0x16  Code  Gb  sysinit.o [1]
UART_IsTxBuffEmpty(UART_Type *)
                        0x00001513    0x8  Code  Lc  Uart_impl.o [1]
UART_PutChar            0x00002135    0xc  Code  Gb  uart.o [1]
UART_ReadDataReg(UART_Type *)
                        0x000014e5    0x4  Code  Lc  Uart_impl.o [1]
UART_WriteDataReg(UART_Type *, unsigned char)
                        0x000014e9    0x4  Code  Lc  Uart_impl.o [1]
Unity                   0x20000038   0x68  Data  Gb  unity.o [1]
UnityAddMsgIfSpecified  0x00000ffb   0x48  Code  Lc  unity.o [1]
UnityAssertEqualNumber  0x00001099   0x5c  Code  Gb  unity.o [1]
UnityAssertEqualString  0x0000111d   0x7a  Code  Gb  unity.o [1]
UnityBegin              0x00001221   0x3c  Code  Gb  unity.o [1]
UnityConcludeFixtureTest
                        0x00001439   0x58  Code  Gb  unity_fixture.o [1]
UnityEnd                0x0000125f   0x62  Code  Gb  unity.o [1]
UnityFail               0x000011a1   0x80  Code  Gb  unity.o [1]
UnityFixture            0x20000104   0x10  Data  Gb  unity_fixture.o [1]
UnityMalloc_EndTest     0x000013c5   0x1e  Code  Gb  unity_fixture.o [1]
UnityMalloc_StartTest   0x000013b5   0x10  Code  Gb  unity_fixture.o [1]
UnityPointer_Init       0x000013f1    0x8  Code  Gb  unity_fixture.o [1]
UnityPointer_UndoAllSets
                        0x000013f9   0x34  Code  Gb  unity_fixture.o [1]
UnityPrint              0x00000e69   0x5e  Code  Gb  unity.o [1]
UnityPrintExpectedAndActualStrings
                        0x00001043   0x50  Code  Lc  unity.o [1]
UnityPrintFail          0x00000fa3    0xa  Code  Gb  unity.o [1]
UnityPrintNumber        0x00000f17   0x1a  Code  Gb  unity.o [1]
UnityPrintNumberByStyle
                        0x00000ec7   0x50  Code  Gb  unity.o [1]
UnityPrintNumberHex     0x00000f71   0x32  Code  Gb  unity.o [1]
UnityPrintNumberUnsigned
                        0x00000f31   0x40  Code  Gb  unity.o [1]
UnityPrintOk            0x00000fad    0xa  Code  Gb  unity.o [1]
UnityPrintWithEOL(char const *)
                        0x00000479    0xe  Code  Lc  tests.o [1]
UnitySizeMask           0x00006474   0x1c  Data  Lc  unity.o [1]
UnityStrBreaker         0x0000666c   0x18  Data  Lc  unity.o [1]
UnityStrDetail1Name     0x00006a98    0xc  Data  Lc  unity.o [1]
UnityStrDetail2Name     0x00006aa4    0xc  Data  Lc  unity.o [1]
UnityStrExpected        0x00006a74    0xc  Data  Lc  unity.o [1]
UnityStrFail            0x00006afc    0x8  Data  Lc  unity.o [1]
UnityStrNull            0x00006b04    0x8  Data  Lc  unity.o [1]
UnityStrOk              0x00006b50    0x4  Data  Lc  unity.o [1]
UnityStrResultsFailures
                        0x00006a80    0xc  Data  Lc  unity.o [1]
UnityStrResultsIgnored  0x00006a8c    0xc  Data  Lc  unity.o [1]
UnityStrResultsTests    0x00006b14    0x8  Data  Lc  unity.o [1]
UnityStrSpacer          0x00006b54    0x4  Data  Lc  unity.o [1]
UnityStrWas             0x00006b0c    0x8  Data  Lc  unity.o [1]
UnityTestResultsBegin   0x00000fb7   0x2a  Code  Lc  unity.o [1]
UnityTestResultsFailBegin
                        0x00000fe1   0x1a  Code  Lc  unity.o [1]
UnityTestRunner         0x00001325   0x90  Code  Gb  unity_fixture.o [1]
Virtual function table for LevauxDrivers::GpioBase
                        0x000068e0   0x10  Data  Gb  Gpio_impl.o [1]
Virtual function table for LevauxDrivers::Gpo
                        0x0000669c   0x14  Data  Gb  Gpio_impl.o [1]
Virtual function table for LevauxDrivers::TimerBase<(int)0>
                        0x000067a0   0x14  Data  Gb  TimerMs_impl.o [1]
Virtual function table for LevauxDrivers::TimerMcs100
                        0x0000663c   0x18  Data  Gb  TimerMcs100_impl.o [1]
Virtual function table for LevauxDrivers::TimerMs
                        0x00006654   0x18  Data  Gb  TimerMs_impl.o [1]
Virtual function table for LevauxDrivers::Uart
                        0x00006980   0x10  Data  Gb  Uart_impl.o [1]
Virtual function table for Test100McsTimer
                        0x0000651c   0x18  Data  Gb  tests.o [1]
Virtual function table for TestMsTimer
                        0x00006504   0x18  Data  Gb  tests.o [1]
Virtual function table for TestTimer
                        0x000066d8   0x14  Data  Gb  tests.o [1]
Virtual function table for std::exception
                        0x0000682c   0x14  Data  Gb  exception.o [4]
Virtual function table for std::length_error
                        0x000067dc   0x14  Data  Gb  Uart_impl.o [1]
Virtual function table for std::logic_error
                        0x000067c8   0x14  Data  Gb  Uart_impl.o [1]
Virtual function table for std::out_of_range
                        0x000067f0   0x14  Data  Gb  Uart_impl.o [1]
WDOG_DisableWDOGEnableUpdate
                        0x00005e39   0x3c  Code  Gb  wdog.o [1]
__BOOT_STACK_ADDRESS {Abs}
                        0x20000bf8          --   Gb  command line/config [2]
__VECTOR_RAM {Abs}      0x1ffffc00          --   Gb  command line/config [2]
__VECTOR_TABLE {Abs}    0x00000000          --   Gb  command line/config [2]
__aeabi_JMP_BUF_SIZE {Abs}
                        0x00000008          --   Gb  setjmp.o [5]
__aeabi_atexit          0x000000df    0xe  Code  Gb  cxxabi.o [4]
__aeabi_idiv            0x00001b59         Code  Gb  I32DivModFast.o [5]
__aeabi_idiv0           0x000028b1         Code  Gb  IntDivZer.o [5]
__aeabi_idivmod         0x00001b59         Code  Gb  I32DivModFast.o [5]
__aeabi_memclr4         0x000017e9         Code  Gb  ABImemset.o [5]
__aeabi_memclr8         0x000017e9         Code  Gb  ABImemset.o [5]
__aeabi_memcpy          0x000001c1         Code  Gb  ABImemcpy.o [5]
__aeabi_memcpy4         0x000001e9         Code  Wk  ABImemcpy.o [5]
__aeabi_memmove         0x000022a5         Code  Gb  ABImemmove.o [5]
__aeabi_memmove4        0x000022a5         Code  Gb  ABImemmove.o [5]
__aeabi_memmove8        0x000022a5         Code  Gb  ABImemmove.o [5]
__aeabi_memset          0x00001799         Code  Gb  ABImemset.o [5]
__aeabi_uidiv           0x00001b5f         Code  Gb  I32DivModFast.o [5]
__aeabi_uidivmod        0x00001b5f         Code  Gb  I32DivModFast.o [5]
__call_ctors            0x00001a89   0x18  Code  Gb  cppinit.o [3]
__call_dtors            0x00001add    0xa  Code  Gb  cppinit.o [3]
__cexit_call_dtors      0x000064c7         Code  Gb  cexit.o [5]
__cmain                 0x00006491         Code  Gb  cmain.o [5]
__cstart_call_dtors     0x00006b58         Data  Gb  cstart_call_dtors.o [5]
__cxa_atexit            0x00001aa1   0x3c  Code  Gb  cppinit.o [3]
__cxa_finalize          0x00001ae7   0x38  Code  Gb  cppinit.o [3]
__dso_handle            0x200002b0    0x4  Data  Gb  cppinit.o [3]
__exit                  0x00003109   0x14  Code  Gb  exit.o [6]
__flash_config          0x00000400   0x10  Data  Gb  vectors.o [1]
__iar_Memset4_word      0x000017b9         Code  Gb  ABImemset.o [5]
__iar_Memset_word       0x000017a5         Code  Gb  ABImemset.o [5]
__iar_Strstr            0x000028bd   0x38  Code  Gb  strstr.o [3]
__iar_cstart_call_ctors
                        0x000063e1   0x20  Code  Gb  cmain_call_ctors.o [5]
__iar_data_init3        0x000062d9   0x28  Code  Gb  data_init.o [5]
__iar_debug_exceptions  0x00001a86    0x1  Data  Gb  unwind_debug.o [6]
__iar_program_start     0x00006ab1         Code  Gb  cstartup_M.o [5]
__iar_zero_init3        0x00005fc9   0x3c  Code  Gb  zero_init3.o [5]
__low_level_init        0x000064ab    0x4  Code  Gb  low_level_init.o [3]
__startup               0x00000411         Code  Gb  crt0.o [1]
__sti__routine          0x00006991    0xa  Code  Lc  Eeprom_impl.o [1]
__sti__routine          0x00005a05   0x12  Code  Lc  Exti_impl.o [1]
__sti__routine          0x00000429   0x20  Code  Lc  tests.o [1]
__sti__routine          0x0000561d   0x3c  Code  Lc  TimerBase_impl.o [1]
__sti__routine          0x00002499   0x20  Code  Lc  TimerMcs100_impl.o [1]
__sti__routine          0x0000622d   0x20  Code  Lc  TimerMcs_impl.o [1]
__sti__routine          0x00002351   0x20  Code  Lc  TimerMs_impl.o [1]
__sti__routine          0x000014b7   0x12  Code  Lc  Uart_impl.o [1]
__vector_table          0x00000000   0xc0  Data  Gb  vectors.o [1]
_call_main              0x0000649d         Code  Gb  cmain.o [5]
_exit                   0x000064c5         Code  Gb  cexit.o [5]
_main                   0x000064a7         Code  Gb  cmain.o [5]
abort                   0x000028b3    0xa  Code  Gb  abort.o [3]
assert_failed           0x00002651   0x28  Code  Gb  assert.o [1]
base                    0x200000a0   0x10  Data  Lc  alloc.o [1]
char * std::_Allocate<char>(unsigned int, char *)
                        0x00004983    0x8  Code  Gb  Uart_impl.o [1]
common_startup          0x000058c1   0xa0  Code  Gb  startup.o [1]
default_isr             0x00006685    0xe  Code  Gb  vectors.o [1]
exit                    0x000064bd    0x8  Code  Gb  exit.o [3]
flashInitObject         0x200000b4    0x4  Data  Lc  Eeprom_impl.o [1]
free                    0x00001c61   0x6c  Code  Gb  alloc.o [1]
freep                   0x200000b0    0x4  Data  Lc  alloc.o [1]
global_fail_count       0x200002ba    0x2  Data  Gb  sysinit.o [1]
global_pass_count       0x200002b8    0x2  Data  Gb  sysinit.o [1]
gpio_ptr                0x200000cc    0x4  Data  Lc  tests.o [1]
gpo_ptr                 0x200000c8    0x4  Data  Lc  tests.o [1]
groupSelected           0x00001317    0xe  Code  Lc  unity_fixture.o [1]
longjmp                 0x00001c25         Code  Gb  setjmp.o [5]
m_objects               0x200000b8    0xc  Data  Gb  Exti_impl.o [1]
main                    0x000064af    0xe  Code  Gb  levaux_drivers.o [1]
malloc                  0x00001ccd   0x72  Code  Gb  alloc.o [1]
malloc_count            0x20000114    0x4  Data  Lc  unity_fixture.o [1]
malloc_fail_countdown   0x20000030    0x4  Data  Lc  unity_fixture.o [1]
next_abi_dtor_rec       0x200002ac    0x4  Data  Lc  cppinit.o [3]
operator delete (void *)
                        0x00002081    0xe  Code  Gb  delop_0.o [4]
operator new (unsigned int)
                        0x00000109   0x28  Code  Gb  newop_0.o [4]
operator new (unsigned int, void *)
                        0x00000285    0x4  Code  Gb  Uart_impl.o [1]
out_char                0x00001c45    0xe  Code  Gb  io.o [1]
pointer_index           0x200002a8    0x4  Data  Lc  unity_fixture.o [1]
pointer_store           0x20000118  0x190  Data  Lc  unity_fixture.o [1]
print_sys_log           0x000053a1   0xd6  Code  Gb  sysinit.o [1]
printf                  0x000030b5   0x1e  Code  Gb  printf.o [1]
printk                  0x00002d07  0x3ae  Code  Gb  printf.o [1]
printk_mknumstr         0x00002c4d   0x7e  Code  Lc  printf.o [1]
printk_pad_space        0x00002ce9   0x1e  Code  Lc  printf.o [1]
printk_pad_zero         0x00002ccb   0x1e  Code  Lc  printf.o [1]
printk_putc             0x00002c21   0x2c  Code  Lc  printf.o [1]
run_tests()             0x00000dbd   0x32  Code  Gb  tests.o [1]
selected                0x000012e9   0x20  Code  Lc  unity_fixture.o [1]
setjmp                  0x00001c0d         Code  Gb  setjmp.o [5]
some_delay()            0x00000487   0x18  Code  Lc  tests.o [1]
start                   0x000069a1   0x10  Code  Gb  start.o [1]
std::_List_nod<LevauxDrivers::TimerBase<(int)0> *, std::allocator<LevauxDrivers::TimerBase<(int)0> *>>::_List_nod(std::allocator<LevauxDrivers::TimerBase<(int)0> *>)
                        0x00004485    0x2  Code  Gb  TimerMs_impl.o [1]
std::_List_nod<LevauxDrivers::TimerBase<(int)0> *, std::allocator<LevauxDrivers::TimerBase<(int)0> *>>::_List_nod(std::allocator<LevauxDrivers::TimerBase<(int)0> *>) [subobject]
                        0x0000415b    0x8  Code  Gb  TimerMs_impl.o [1]
std::_List_nod<LevauxDrivers::TimerBase<(int)0> *, std::allocator<LevauxDrivers::TimerBase<(int)0> *>>::_Node * std::_Allocate<std::_List_nod<LevauxDrivers::TimerBase<(int)0> *, std::allocator<LevauxDrivers::TimerBase<(int)0> *>>::_Node>(unsigned int, std::_List_nod<LevauxDrivers::TimerBase<(int)0> *, std::allocator<LevauxDrivers::TimerBase<(int)0> *>>::_Node *)
[...]
std::list<LevauxDrivers::TimerBase<(int)0> *, std::allocator<LevauxDrivers::TimerBase<(int)0> *>>::~list()
                        0x000069e3    0xe  Code  Gb  TimerMs_impl.o [1]
std::list<LevauxDrivers::TimerBase<(int)1> *, std::allocator<LevauxDrivers::TimerBase<(int)1> *>>::_Buynode()
                        0x00005771   0x3a  Code  Gb  TimerMcs_impl.o [1]
std::list<LevauxDrivers::TimerBase<(int)1> *, std::allocator<LevauxDrivers::TimerBase<(int)1> *>>::_Myval(std::_List_nod<LevauxDrivers::TimerBase<(int)1> *, std::allocator<LevauxDrivers::TimerBase<(int)1> *>>::_Node *)
                        0x0000589b    0x4  Code  Gb  TimerMcs_impl.o [1]
std::list<LevauxDrivers::TimerBase<(int)1> *, std::allocator<LevauxDrivers::TimerBase<(int)1> *>>::_Nextnode(std::_List_nod<LevauxDrivers::TimerBase<(int)1> *, std::allocator<LevauxDrivers::TimerBase<(int)1> *>>::_Node *)
                        0x00005815    0x2  Code  Gb  TimerMcs_impl.o [1]
std::list<LevauxDrivers::TimerBase<(int)1> *, std::allocator<LevauxDrivers::TimerBase<(int)1> *>>::_Prevnode(std::_List_nod<LevauxDrivers::TimerBase<(int)1> *, std::allocator<LevauxDrivers::TimerBase<(int)1> *>>::_Node *)
                        0x00005823    0x4  Code  Gb  TimerMcs_impl.o [1]
std::list<LevauxDrivers::TimerBase<(int)1> *, std::allocator<LevauxDrivers::TimerBase<(int)1> *>>::_Tidy()
                        0x00006005   0x3a  Code  Gb  TimerMcs_impl.o [1]
std::list<LevauxDrivers::TimerBase<(int)1> *, std::allocator<LevauxDrivers::TimerBase<(int)1> *>>::begin()
                        0x000057ab   0x14  Code  Gb  TimerMcs_impl.o [1]
std::list<LevauxDrivers::TimerBase<(int)1> *, std::allocator<LevauxDrivers::TimerBase<(int)1> *>>::clear()
                        0x00005ee1   0x4a  Code  Gb  TimerMcs_impl.o [1]
std::list<LevauxDrivers::TimerBase<(int)1> *, std::allocator<LevauxDrivers::TimerBase<(int)1> *>>::const_iterator::const_iterator(std::_List_nod<LevauxDrivers::TimerBase<(int)1> *, std::allocator<LevauxDrivers::TimerBase<(int)1> *>>::_Node *)
                        0x000058b1    0x4  Code  Gb  TimerMcs_impl.o [1]
std::list<LevauxDrivers::TimerBase<(int)1> *, std::allocator<LevauxDrivers::TimerBase<(int)1> *>>::const_iterator::const_iterator(std::_List_nod<LevauxDrivers::TimerBase<(int)1> *, std::allocator<LevauxDrivers::TimerBase<(int)1> *>>::_Node *) [subobject]
                        0x00005893    0x8  Code  Gb  TimerMcs_impl.o [1]
std::list<LevauxDrivers::TimerBase<(int)1> *, std::allocator<LevauxDrivers::TimerBase<(int)1> *>>::const_iterator::operator !=(const std::list<LevauxDrivers::TimerBase<(int)1> *, std::allocator<LevauxDrivers::TimerBase<(int)1> *>>::const_iterator&) const
                        0x000057e3   0x14  Code  Gb  TimerMcs_impl.o [1]
std::list<LevauxDrivers::TimerBase<(int)1> *, std::allocator<LevauxDrivers::TimerBase<(int)1> *>>::const_iterator::operator *() const
                        0x00005835    0xa  Code  Gb  TimerMcs_impl.o [1]
std::list<LevauxDrivers::TimerBase<(int)1> *, std::allocator<LevauxDrivers::TimerBase<(int)1> *>>::const_iterator::operator ++()
                        0x0000583f   0x12  Code  Gb  TimerMcs_impl.o [1]
std::list<LevauxDrivers::TimerBase<(int)1> *, std::allocator<LevauxDrivers::TimerBase<(int)1> *>>::const_iterator::operator ==(const std::list<LevauxDrivers::TimerBase<(int)1> *, std::allocator<LevauxDrivers::TimerBase<(int)1> *>>::const_iterator&) const
                        0x00005851   0x14  Code  Gb  TimerMcs_impl.o [1]
std::list<LevauxDrivers::TimerBase<(int)1> *, std::allocator<LevauxDrivers::TimerBase<(int)1> *>>::end()
                        0x000057d5    0xe  Code  Gb  TimerMcs_impl.o [1]
std::list<LevauxDrivers::TimerBase<(int)1> *, std::allocator<LevauxDrivers::TimerBase<(int)1> *>>::iterator::iterator(std::_List_nod<LevauxDrivers::TimerBase<(int)1> *, std::allocator<LevauxDrivers::TimerBase<(int)1> *>>::_Node *)
                        0x00005827    0xe  Code  Gb  TimerMcs_impl.o [1]
std::list<LevauxDrivers::TimerBase<(int)1> *, std::allocator<LevauxDrivers::TimerBase<(int)1> *>>::iterator::operator *() const
                        0x000057bf    0x8  Code  Gb  TimerMcs_impl.o [1]
std::list<LevauxDrivers::TimerBase<(int)1> *, std::allocator<LevauxDrivers::TimerBase<(int)1> *>>::iterator::operator ++()
                        0x000057c7    0xe  Code  Gb  TimerMcs_impl.o [1]
std::list<LevauxDrivers::TimerBase<(int)1> *, std::allocator<LevauxDrivers::TimerBase<(int)1> *>>::list()
                        0x000056d1   0x1e  Code  Gb  TimerMcs_impl.o [1]
std::list<LevauxDrivers::TimerBase<(int)1> *, std::allocator<LevauxDrivers::TimerBase<(int)1> *>>::~list()
                        0x000069d5    0xe  Code  Gb  TimerMcs_impl.o [1]
std::logic_error::logic_error(const std::string&)
                        0x000045f9   0x24  Code  Gb  Uart_impl.o [1]
std::logic_error::logic_error(const std::string&) [subobject]
                        0x000044f9    0x8  Code  Gb  Uart_impl.o [1]
std::logic_error::~logic_error()
                        0x0000461d   0x20  Code  Gb  Uart_impl.o [1]
std::logic_error::~logic_error() [subobject]
                        0x00004501    0x8  Code  Gb  Uart_impl.o [1]
std::map<LevauxDrivers::Uart::UartNumber, LevauxDrivers::Uart*, std::less<LevauxDrivers::Uart::UartNumber>, std::allocator<std::pair<LevauxDrivers::Uart::UartNumber const, LevauxDrivers::Uart*>>>::erase(LevauxDrivers::Uart::UartNumber const &)
                        0x0000228b    0x8  Code  Gb  Uart_impl.o [1]
std::map<LevauxDrivers::Uart::UartNumber, LevauxDrivers::Uart*, std::less<LevauxDrivers::Uart::UartNumber>, std::allocator<std::pair<LevauxDrivers::Uart::UartNumber const, LevauxDrivers::Uart*>>>::map()
                        0x0000208f   0x12  Code  Gb  Uart_impl.o [1]
std::map<LevauxDrivers::Uart::UartNumber, LevauxDrivers::Uart*, std::less<LevauxDrivers::Uart::UartNumber>, std::allocator<std::pair<LevauxDrivers::Uart::UartNumber const, LevauxDrivers::Uart*>>>::operator [](LevauxDrivers::Uart::UartNumber const &)
                        0x00002221   0x6a  Code  Gb  Uart_impl.o [1]
std::map<LevauxDrivers::Uart::UartNumber, LevauxDrivers::Uart*, std::less<LevauxDrivers::Uart::UartNumber>, std::allocator<std::pair<LevauxDrivers::Uart::UartNumber const, LevauxDrivers::Uart*>>>::~map()
                        0x000069ff    0xe  Code  Gb  Uart_impl.o [1]
std::out_of_range::out_of_range(const std::string&)
                        0x00004335   0x18  Code  Gb  Uart_impl.o [1]
std::out_of_range::~out_of_range()
                        0x0000434d    0xe  Code  Gb  Uart_impl.o [1]
std::pair<LevauxDrivers::Uart::UartNumber const, LevauxDrivers::Uart*>::pair(LevauxDrivers::Uart::UartNumber const &, LevauxDrivers::Uart*const &)
                        0x00002947    0xa  Code  Gb  Uart_impl.o [1]
std::pair<std::_Tree<std::_Tmap_traits<LevauxDrivers::Uart::UartNumber, LevauxDrivers::Uart*, std::less<LevauxDrivers::Uart::UartNumber>, std::allocator<std::pair<LevauxDrivers::Uart::UartNumber const, LevauxDrivers::Uart*>>, (bool)0>>::iterator, bool>::pair(std::_Tree<std::_Tmap_traits<LevauxDrivers::Uart::UartNumber, LevauxDrivers::Uart*, std::less<LevauxDrivers::Uart::UartNumber>, std::allocator<std::pair<LevauxDrivers::Uart::UartNumber const, LevauxDrivers::Uart*>>, (bool)0>>::iterator const &, bool const &)
                        0x00003a73    0xa  Code  Gb  Uart_impl.o [1]
std::pair<std::_Tree<std::_Tmap_traits<LevauxDrivers::Uart::UartNumber, LevauxDrivers::Uart*, std::less<LevauxDrivers::Uart::UartNumber>, std::allocator<std::pair<LevauxDrivers::Uart::UartNumber const, LevauxDrivers::Uart*>>, (bool)0>>::iterator, std::_Tree<std::_Tmap_traits<LevauxDrivers::Uart::UartNumber, LevauxDrivers::Uart*, std::less<LevauxDrivers::Uart::UartNumber>, std::allocator<std::pair<LevauxDrivers::Uart::UartNumber const, LevauxDrivers::Uart*>>, (bool)0>>::iterator>::pair(std::_Tree<std::_Tmap_traits<LevauxDrivers::Uart::UartNumber, LevauxDrivers::Uart*, std::less<LevauxDrivers::Uart::UartNumber>, std::allocator<std::pair<LevauxDrivers::Uart::UartNumber const, LevauxDrivers::Uart*>>, (bool)0>>::iterator const &, std::_Tree<std::_Tmap_traits<LevauxDrivers::Uart::UartNumber, LevauxDrivers::Uart*, std::less<LevauxDrivers::Uart::UartNumber>, std::allocator<std::pair<LevauxDrivers::Uart::UartNumber const, LevauxDrivers::Uart*>>, (bool)0>>::iterator const &)
                        0x000042d5    0xa  Code  Gb  Uart_impl.o [1]
std::set<LevauxDrivers::Exti *, std::less<LevauxDrivers::Exti *>, std::allocator<LevauxDrivers::Exti *>>::set()
                        0x00005a79   0x12  Code  Gb  Exti_impl.o [1]
std::set<LevauxDrivers::Exti *, std::less<LevauxDrivers::Exti *>, std::allocator<LevauxDrivers::Exti *>>::~set()
                        0x000069bf    0xe  Code  Gb  Exti_impl.o [1]
std::string::_Copy(unsigned int, unsigned int)
                        0x000048cb   0x7c  Code  Gb  Uart_impl.o [1]
std::string::_Eos(unsigned int)
                        0x00004581   0x20  Code  Gb  Uart_impl.o [1]
std::string::_Grow(unsigned int, bool)
                        0x0000472d   0x64  Code  Gb  Uart_impl.o [1]
std::string::_Inside(char const *)
                        0x0000468b   0x2a  Code  Gb  Uart_impl.o [1]
std::string::_Myptr()   0x00004675   0x10  Code  Gb  Uart_impl.o [1]
std::string::_Myptr() const
                        0x000048a9   0x10  Code  Gb  Uart_impl.o [1]
std::string::_Tidy(bool, unsigned int)
                        0x000044a3   0x3e  Code  Gb  Uart_impl.o [1]
std::string::assign(char const *)
                        0x000044e1   0x18  Code  Gb  Uart_impl.o [1]
std::string::assign(char const *, unsigned int)
                        0x000045a9   0x50  Code  Gb  Uart_impl.o [1]
std::string::assign(const std::string&, unsigned int, unsigned int)
                        0x000046b5   0x78  Code  Gb  Uart_impl.o [1]
std::string::basic_string(char const *)
                        0x000041f9   0x24  Code  Gb  Uart_impl.o [1]
std::string::basic_string(const std::string&)
                        0x0000479d   0x30  Code  Gb  Uart_impl.o [1]
std::string::erase(unsigned int, unsigned int)
                        0x00004859   0x50  Code  Gb  Uart_impl.o [1]
std::string::max_size() const
                        0x000048b9   0x12  Code  Gb  Uart_impl.o [1]
std::string::npos       0x00006b4c    0x4  Data  Gb  Uart_impl.o [1]
std::string::size() const
                        0x000047e3    0x4  Code  Gb  Uart_impl.o [1]
std::string::~basic_string()
                        0x0000424b   0x12  Code  Gb  Uart_impl.o [1]
strlen                  0x0000021d   0x1e  Code  Gb  stdlib.o [1]
strstr                  0x00002079    0x8  Code  Gb  unity_fixture.o [1]
sysinit                 0x00005331   0x70  Code  Gb  sysinit.o [1]
testSelected            0x00001309    0xe  Code  Lc  unity_fixture.o [1]
test_timer_100mcs_ptr   0x200000dc    0x4  Data  Lc  tests.o [1]
test_timer_ms_ptr       0x200000d8    0x4  Data  Lc  tests.o [1]
test_timer_ptr          0x200000d4    0x4  Data  Lc  tests.o [1]
uart_ptr                0x200000d0    0x4  Data  Lc  tests.o [1]
unity_putc              0x000000ed   0x1a  Code  Gb  unity_stubs.o [1]
unsigned int const & std::min<unsigned int>(unsigned int const &, unsigned int const &)
                        0x00002293   0x10  Code  Gb  Uart_impl.o [1]
void std::_Construct<LevauxDrivers::TimerBase<(int)0> *, LevauxDrivers::TimerBase<(int)0> *>(LevauxDrivers::TimerBase<(int)0> * *, LevauxDrivers::TimerBase<(int)0> * const &)
                        0x00004641   0x1a  Code  Gb  TimerMs_impl.o [1]
void std::_Construct<std::_List_nod<LevauxDrivers::TimerBase<(int)0> *, std::allocator<LevauxDrivers::TimerBase<(int)0> *>>::_Node *, std::_List_nod<LevauxDrivers::TimerBase<(int)0> *, std::allocator<LevauxDrivers::TimerBase<(int)0> *>>::_Node *>(std::_List_nod<LevauxDrivers::TimerBase<(int)0> *, std::allocator<LevauxDrivers::TimerBase<(int)0> *>>::_Node * *, std::_List_nod<LevauxDrivers::TimerBase<(int)0> *, std::allocator<LevauxDrivers::TimerBase<(int)0> *>>::_Node * const &)
                        0x000030ed   0x1a  Code  Gb  TimerMs_impl.o [1]
void std::_Construct<std::_List_nod<LevauxDrivers::TimerBase<(int)1> *, std::allocator<LevauxDrivers::TimerBase<(int)1> *>>::_Node *, std::_List_nod<LevauxDrivers::TimerBase<(int)1> *, std::allocator<LevauxDrivers::TimerBase<(int)1> *>>::_Node *>(std::_List_nod<LevauxDrivers::TimerBase<(int)1> *, std::allocator<LevauxDrivers::TimerBase<(int)1> *>>::_Node * *, std::_List_nod<LevauxDrivers::TimerBase<(int)1> *, std::allocator<LevauxDrivers::TimerBase<(int)1> *>>::_Node * const &)
                        0x00005879   0x1a  Code  Gb  TimerMcs_impl.o [1]
void std::_Construct<std::_Tree_nod<std::_Tmap_traits<LevauxDrivers::Uart::UartNumber, LevauxDrivers::Uart*, std::less<LevauxDrivers::Uart::UartNumber>, std::allocator<std::pair<LevauxDrivers::Uart::UartNumber const, LevauxDrivers::Uart*>>, (bool)0>>::_Node *, std::_Tree_nod<std::_Tmap_traits<LevauxDrivers::Uart::UartNumber, LevauxDrivers::Uart*, std::less<LevauxDrivers::Uart::UartNumber>, std::allocator<std::pair<LevauxDrivers::Uart::UartNumber const, LevauxDrivers::Uart*>>, (bool)0>>::_Node *>(std::_Tree_nod<std::_Tmap_traits<LevauxDrivers::Uart::UartNumber, LevauxDrivers::Uart*, std::less<LevauxDrivers::Uart::UartNumber>, std::allocator<std::pair<LevauxDrivers::Uart::UartNumber const, LevauxDrivers::Uart*>>, (bool)0>>::_Node * *, std::_Tree_nod<std::_Tmap_traits<LevauxDrivers::Uart::UartNumber, LevauxDrivers::Uart*, std::less<LevauxDrivers::Uart::UartNumber>, std::allocator<std::pair<LevauxDrivers::Uart::UartNumber const, LevauxDrivers::Uart*>>, (bool)0>>::_Node * const &)
                        0x0000454d   0x1a  Code  Gb  Uart_impl.o [1]
void std::_Construct<std::_Tree_nod<std::_Tset_traits<LevauxDrivers::Exti *, std::less<LevauxDrivers::Exti *>, std::allocator<LevauxDrivers::Exti *>, (bool)0>>::_Node *, std::_Tree_nod<std::_Tset_traits<LevauxDrivers::Exti *, std::less<LevauxDrivers::Exti *>, std::allocator<LevauxDrivers::Exti *>, (bool)0>>::_Node *>(std::_Tree_nod<std::_Tset_traits<LevauxDrivers::Exti *, std::less<LevauxDrivers::Exti *>, std::allocator<LevauxDrivers::Exti *>, (bool)0>>::_Node * *, std::_Tree_nod<std::_Tset_traits<LevauxDrivers::Exti *, std::less<LevauxDrivers::Exti *>, std::allocator<LevauxDrivers::Exti *>, (bool)0>>::_Node * const &)
                        0x00005c1d   0x1a  Code  Gb  Exti_impl.o [1]
void std::_Destroy<std::_List_nod<LevauxDrivers::TimerBase<(int)0> *, std::allocator<LevauxDrivers::TimerBase<(int)0> *>>::_Node *>(std::_List_nod<LevauxDrivers::TimerBase<(int)0> *, std::allocator<LevauxDrivers::TimerBase<(int)0> *>>::_Node * *)
                        0x0000608f    0x2  Code  Gb  TimerMs_impl.o [1]
void std::_Destroy<std::_List_nod<LevauxDrivers::TimerBase<(int)0> *, std::allocator<LevauxDrivers::TimerBase<(int)0> *>>::_Node>(std::_List_nod<LevauxDrivers::TimerBase<(int)0> *, std::allocator<LevauxDrivers::TimerBase<(int)0> *>>::_Node *)
                        0x00004539    0x2  Code  Gb  TimerMs_impl.o [1]
void std::_Destroy<std::_List_nod<LevauxDrivers::TimerBase<(int)1> *, std::allocator<LevauxDrivers::TimerBase<(int)1> *>>::_Node *>(std::_List_nod<LevauxDrivers::TimerBase<(int)1> *, std::allocator<LevauxDrivers::TimerBase<(int)1> *>>::_Node * *)
                        0x00006049    0x2  Code  Gb  TimerMcs_impl.o [1]
void std::_Destroy<std::_List_nod<LevauxDrivers::TimerBase<(int)1> *, std::allocator<LevauxDrivers::TimerBase<(int)1> *>>::_Node>(std::_List_nod<LevauxDrivers::TimerBase<(int)1> *, std::allocator<LevauxDrivers::TimerBase<(int)1> *>>::_Node *)
                        0x00005f3f    0x2  Code  Gb  TimerMcs_impl.o [1]
void std::_Destroy<std::_Tree_nod<std::_Tmap_traits<LevauxDrivers::Uart::UartNumber, LevauxDrivers::Uart*, std::less<LevauxDrivers::Uart::UartNumber>, std::allocator<std::pair<LevauxDrivers::Uart::UartNumber const, LevauxDrivers::Uart*>>, (bool)0>>::_Node *>(std::_Tree_nod<std::_Tmap_traits<LevauxDrivers::Uart::UartNumber, LevauxDrivers::Uart*, std::less<LevauxDrivers::Uart::UartNumber>, std::allocator<std::pair<LevauxDrivers::Uart::UartNumber const, LevauxDrivers::Uart*>>, (bool)0>>::_Node * *)
                        0x00005e35    0x2  Code  Gb  Uart_impl.o [1]
void std::_Destroy<std::_Tree_nod<std::_Tmap_traits<LevauxDrivers::Uart::UartNumber, LevauxDrivers::Uart*, std::less<LevauxDrivers::Uart::UartNumber>, std::allocator<std::pair<LevauxDrivers::Uart::UartNumber const, LevauxDrivers::Uart*>>, (bool)0>>::_Node>(std::_Tree_nod<std::_Tmap_traits<LevauxDrivers::Uart::UartNumber, LevauxDrivers::Uart*, std::less<LevauxDrivers::Uart::UartNumber>, std::allocator<std::pair<LevauxDrivers::Uart::UartNumber const, LevauxDrivers::Uart*>>, (bool)0>>::_Node *)
                        0x00004515    0x2  Code  Gb  Uart_impl.o [1]
void std::_Destroy<std::_Tree_nod<std::_Tset_traits<LevauxDrivers::Exti *, std::less<LevauxDrivers::Exti *>, std::allocator<LevauxDrivers::Exti *>, (bool)0>>::_Node *>(std::_Tree_nod<std::_Tset_traits<LevauxDrivers::Exti *, std::less<LevauxDrivers::Exti *>, std::allocator<LevauxDrivers::Exti *>, (bool)0>>::_Node * *)
                        0x00005dc7    0x2  Code  Gb  Exti_impl.o [1]
void std::_Destroy<std::_Tree_nod<std::_Tset_traits<LevauxDrivers::Exti *, std::less<LevauxDrivers::Exti *>, std::allocator<LevauxDrivers::Exti *>, (bool)0>>::_Node>(std::_Tree_nod<std::_Tset_traits<LevauxDrivers::Exti *, std::less<LevauxDrivers::Exti *>, std::allocator<LevauxDrivers::Exti *>, (bool)0>>::_Node *)
                        0x0000500b    0x2  Code  Gb  Exti_impl.o [1]
void std::_Distance2<std::_Tree<std::_Tmap_traits<LevauxDrivers::Uart::UartNumber, LevauxDrivers::Uart*, std::less<LevauxDrivers::Uart::UartNumber>, std::allocator<std::pair<LevauxDrivers::Uart::UartNumber const, LevauxDrivers::Uart*>>, (bool)0>>::iterator, unsigned int>(std::_Tree<std::_Tmap_traits<LevauxDrivers::Uart::UartNumber, LevauxDrivers::Uart*, std::less<LevauxDrivers::Uart::UartNumber>, std::allocator<std::pair<LevauxDrivers::Uart::UartNumber const, LevauxDrivers::Uart*>>, (bool)0>>::iterator, std::_Tree<std::_Tmap_traits<LevauxDrivers::Uart::UartNumber, LevauxDrivers::Uart*, std::less<LevauxDrivers::Uart::UartNumber>, std::allocator<std::pair<LevauxDrivers::Uart::UartNumber const, LevauxDrivers::Uart*>>, (bool)0>>::iterator, unsigned int &, std::bidirectional_iterator_tag)
                        0x00003b67   0x20  Code  Gb  Uart_impl.o [1]
void std::_Distance<std::_Tree<std::_Tmap_traits<LevauxDrivers::Uart::UartNumber, LevauxDrivers::Uart*, std::less<LevauxDrivers::Uart::UartNumber>, std::allocator<std::pair<LevauxDrivers::Uart::UartNumber const, LevauxDrivers::Uart*>>, (bool)0>>::iterator, unsigned int>(std::_Tree<std::_Tmap_traits<LevauxDrivers::Uart::UartNumber, LevauxDrivers::Uart*, std::less<LevauxDrivers::Uart::UartNumber>, std::allocator<std::pair<LevauxDrivers::Uart::UartNumber const, LevauxDrivers::Uart*>>, (bool)0>>::iterator, std::_Tree<std::_Tmap_traits<LevauxDrivers::Uart::UartNumber, LevauxDrivers::Uart*, std::less<LevauxDrivers::Uart::UartNumber>, std::allocator<std::pair<LevauxDrivers::Uart::UartNumber const, LevauxDrivers::Uart*>>, (bool)0>>::iterator, unsigned int &)
                        0x0000355d   0x1a  Code  Gb  Uart_impl.o [1]
void std::swap<char>(char &, char &)
                        0x0000435b   0x10  Code  Gb  Uart_impl.o [1]
write_vtor              0x00005961    0x6  Code  Gb  arm_cm0.o [1]


[1] = F:\levaux\kexx_drv_lib\build\iar\ke02\levaux_drivers\FLASH_32KB_PFLASH\Obj
[2] = command line
[3] = dl6M_tln.a
[4] = dlpp6M_tl_nc.a
[5] = rt6M_tl.a
[6] = shb_l.a

  24 747 bytes of readonly  code memory
   2 605 bytes of readonly  data memory (+ 16 absolute)
   2 187 bytes of readwrite data memory

Errors: none
Warnings: none
